d:\games\bleed no more\bleed\sources\codesrc\x64\release\libvorbis_static.pdb
d:\games\bleed no more\bleed\sources\codesrc\libs\libvorbis\win32\vs2010\libvorbis\x64\release\vorbisenc.obj
d:\games\bleed no more\bleed\sources\codesrc\libs\libvorbis\win32\vs2010\libvorbis\x64\release\synthesis.obj
d:\games\bleed no more\bleed\sources\codesrc\libs\libvorbis\win32\vs2010\libvorbis\x64\release\smallft.obj
d:\games\bleed no more\bleed\sources\codesrc\libs\libvorbis\win32\vs2010\libvorbis\x64\release\sharedbook.obj
d:\games\bleed no more\bleed\sources\codesrc\libs\libvorbis\win32\vs2010\libvorbis\x64\release\res0.obj
d:\games\bleed no more\bleed\sources\codesrc\libs\libvorbis\win32\vs2010\libvorbis\x64\release\registry.obj
d:\games\bleed no more\bleed\sources\codesrc\libs\libvorbis\win32\vs2010\libvorbis\x64\release\psy.obj
d:\games\bleed no more\bleed\sources\codesrc\libs\libvorbis\win32\vs2010\libvorbis\x64\release\mdct.obj
d:\games\bleed no more\bleed\sources\codesrc\libs\libvorbis\win32\vs2010\libvorbis\x64\release\mapping0.obj
d:\games\bleed no more\bleed\sources\codesrc\libs\libvorbis\win32\vs2010\libvorbis\x64\release\lsp.obj
d:\games\bleed no more\bleed\sources\codesrc\libs\libvorbis\win32\vs2010\libvorbis\x64\release\lpc.obj
d:\games\bleed no more\bleed\sources\codesrc\libs\libvorbis\win32\vs2010\libvorbis\x64\release\lookup.obj
d:\games\bleed no more\bleed\sources\codesrc\libs\libvorbis\win32\vs2010\libvorbis\x64\release\info.obj
d:\games\bleed no more\bleed\sources\codesrc\libs\libvorbis\win32\vs2010\libvorbis\x64\release\floor1.obj
d:\games\bleed no more\bleed\sources\codesrc\libs\libvorbis\win32\vs2010\libvorbis\x64\release\floor0.obj
d:\games\bleed no more\bleed\sources\codesrc\libs\libvorbis\win32\vs2010\libvorbis\x64\release\envelope.obj
d:\games\bleed no more\bleed\sources\codesrc\libs\libvorbis\win32\vs2010\libvorbis\x64\release\codebook.obj
d:\games\bleed no more\bleed\sources\codesrc\libs\libvorbis\win32\vs2010\libvorbis\x64\release\block.obj
d:\games\bleed no more\bleed\sources\codesrc\libs\libvorbis\win32\vs2010\libvorbis\x64\release\bitrate.obj
d:\games\bleed no more\bleed\sources\codesrc\libs\libvorbis\win32\vs2010\libvorbis\x64\release\analysis.obj
d:\games\bleed no more\bleed\sources\codesrc\libs\libvorbis\win32\vs2010\libvorbis\x64\release\window.obj
d:\games\bleed no more\bleed\sources\codesrc\x64\release\libvorbis_static.lib
d:\games\bleed no more\bleed\sources\codesrc\libs\libvorbis\win32\vs2010\libvorbis\x64\release\libvorbis_static.tlog\cl.command.1.tlog
d:\games\bleed no more\bleed\sources\codesrc\libs\libvorbis\win32\vs2010\libvorbis\x64\release\libvorbis_static.tlog\cl.items.tlog
d:\games\bleed no more\bleed\sources\codesrc\libs\libvorbis\win32\vs2010\libvorbis\x64\release\libvorbis_static.tlog\cl.read.1.tlog
d:\games\bleed no more\bleed\sources\codesrc\libs\libvorbis\win32\vs2010\libvorbis\x64\release\libvorbis_static.tlog\cl.write.1.tlog
d:\games\bleed no more\bleed\sources\codesrc\libs\libvorbis\win32\vs2010\libvorbis\x64\release\libvorbis_static.tlog\lib-link.read.1.tlog
d:\games\bleed no more\bleed\sources\codesrc\libs\libvorbis\win32\vs2010\libvorbis\x64\release\libvorbis_static.tlog\lib-link.write.1.tlog
d:\games\bleed no more\bleed\sources\codesrc\libs\libvorbis\win32\vs2010\libvorbis\x64\release\libvorbis_static.tlog\lib.command.1.tlog
