d:\games\bleed no more\bleed\sources\codesrc\engine\x64\debug\vc143.pdb
d:\games\bleed no more\bleed\sources\codesrc\engine\x64\debug\ald.obj
d:\games\bleed no more\bleed\sources\codesrc\engine\x64\debug\uischema.obj
d:\games\bleed no more\bleed\sources\codesrc\engine\x64\debug\texturemanager.obj
d:\games\bleed no more\bleed\sources\codesrc\engine\x64\debug\stepsound.obj
d:\games\bleed no more\bleed\sources\codesrc\engine\x64\debug\sentencesfile.obj
d:\games\bleed no more\bleed\sources\codesrc\engine\x64\debug\r_basicdraw.obj
d:\games\bleed no more\bleed\sources\codesrc\engine\x64\debug\tga.obj
d:\games\bleed no more\bleed\sources\codesrc\engine\x64\debug\r_common.obj
d:\games\bleed no more\bleed\sources\codesrc\engine\x64\debug\ogg_common.obj
d:\games\bleed no more\bleed\sources\codesrc\engine\x64\debug\md5.obj
d:\games\bleed no more\bleed\sources\codesrc\engine\x64\debug\matrix.obj
d:\games\bleed no more\bleed\sources\codesrc\engine\x64\debug\logfile.obj
d:\games\bleed no more\bleed\sources\codesrc\engine\x64\debug\dds.obj
d:\games\bleed no more\bleed\sources\codesrc\engine\x64\debug\cstringpool.obj
d:\games\bleed no more\bleed\sources\codesrc\engine\x64\debug\cstring.obj
d:\games\bleed no more\bleed\sources\codesrc\engine\x64\debug\crc32.obj
d:\games\bleed no more\bleed\sources\codesrc\engine\x64\debug\common.obj
d:\games\bleed no more\bleed\sources\codesrc\engine\x64\debug\cbuffer.obj
d:\games\bleed no more\bleed\sources\codesrc\engine\x64\debug\cbitset.obj
d:\games\bleed no more\bleed\sources\codesrc\engine\x64\debug\bmp.obj
d:\games\bleed no more\bleed\sources\codesrc\engine\x64\debug\modelcache.obj
d:\games\bleed no more\bleed\sources\codesrc\engine\x64\debug\filewriterthread.obj
d:\games\bleed no more\bleed\sources\codesrc\engine\x64\debug\file.obj
d:\games\bleed no more\bleed\sources\codesrc\engine\x64\debug\enginefuncs.obj
d:\games\bleed no more\bleed\sources\codesrc\engine\x64\debug\edictmanager.obj
d:\games\bleed no more\bleed\sources\codesrc\engine\x64\debug\dllexports.obj
d:\games\bleed no more\bleed\sources\codesrc\engine\x64\debug\console.obj
d:\games\bleed no more\bleed\sources\codesrc\engine\x64\debug\cl_utils.obj
d:\games\bleed no more\bleed\sources\codesrc\engine\x64\debug\cl_tempentities.obj
d:\games\bleed no more\bleed\sources\codesrc\engine\x64\debug\cl_snd.obj
d:\games\bleed no more\bleed\sources\codesrc\engine\x64\debug\cl_resource.obj
d:\games\bleed no more\bleed\sources\codesrc\engine\x64\debug\cl_predict.obj
d:\games\bleed no more\bleed\sources\codesrc\engine\x64\debug\cl_pmove.obj
d:\games\bleed no more\bleed\sources\codesrc\engine\x64\debug\cl_msg.obj
d:\games\bleed no more\bleed\sources\codesrc\engine\x64\debug\cl_main.obj
d:\games\bleed no more\bleed\sources\codesrc\engine\x64\debug\cl_efx.obj
d:\games\bleed no more\bleed\sources\codesrc\engine\x64\debug\cl_cmd.obj
d:\games\bleed no more\bleed\sources\codesrc\engine\x64\debug\bsp_shared.obj
d:\games\bleed no more\bleed\sources\codesrc\engine\x64\debug\bspv30.obj
d:\games\bleed no more\bleed\sources\codesrc\engine\x64\debug\brushmodel.obj
d:\games\bleed no more\bleed\sources\codesrc\engine\x64\debug\r_portals.obj
d:\games\bleed no more\bleed\sources\codesrc\engine\x64\debug\r_nsmoothing.obj
d:\games\bleed no more\bleed\sources\codesrc\engine\x64\debug\r_menuparticles.obj
d:\games\bleed no more\bleed\sources\codesrc\engine\x64\debug\r_lightstyles.obj
d:\games\bleed no more\bleed\sources\codesrc\engine\x64\debug\r_lensflare.obj
d:\games\bleed no more\bleed\sources\codesrc\engine\x64\debug\r_interfacefuncs.obj
d:\games\bleed no more\bleed\sources\codesrc\engine\x64\debug\r_glqueries.obj
d:\games\bleed no more\bleed\sources\codesrc\engine\x64\debug\r_glowaura.obj
d:\games\bleed no more\bleed\sources\codesrc\engine\x64\debug\r_fbocache.obj
d:\games\bleed no more\bleed\sources\codesrc\engine\x64\debug\r_dlights.obj
d:\games\bleed no more\bleed\sources\codesrc\engine\x64\debug\r_decals.obj
d:\games\bleed no more\bleed\sources\codesrc\engine\x64\debug\r_cubemaps.obj
d:\games\bleed no more\bleed\sources\codesrc\engine\x64\debug\r_cables.obj
d:\games\bleed no more\bleed\sources\codesrc\engine\x64\debug\r_blackhole.obj
d:\games\bleed no more\bleed\sources\codesrc\engine\x64\debug\r_beams.obj
d:\games\bleed no more\bleed\sources\codesrc\engine\x64\debug\pbspv2.obj
d:\games\bleed no more\bleed\sources\codesrc\engine\x64\debug\pbspv1.obj
d:\games\bleed no more\bleed\sources\codesrc\engine\x64\debug\net_sp.obj
d:\games\bleed no more\bleed\sources\codesrc\engine\x64\debug\net_mp.obj
d:\games\bleed no more\bleed\sources\codesrc\engine\x64\debug\networking.obj
d:\games\bleed no more\bleed\sources\codesrc\engine\x64\debug\sv_move.obj
d:\games\bleed no more\bleed\sources\codesrc\engine\x64\debug\sprite.obj
d:\games\bleed no more\bleed\sources\codesrc\engine\x64\debug\sv_physics.obj
d:\games\bleed no more\bleed\sources\codesrc\engine\x64\debug\sv_msg.obj
d:\games\bleed no more\bleed\sources\codesrc\engine\x64\debug\sv_world.obj
d:\games\bleed no more\bleed\sources\codesrc\engine\x64\debug\sv_main.obj
d:\games\bleed no more\bleed\sources\codesrc\engine\x64\debug\sv_entities.obj
d:\games\bleed no more\bleed\sources\codesrc\engine\x64\debug\stb_dxt.obj
d:\games\bleed no more\bleed\sources\codesrc\engine\x64\debug\r_water.obj
d:\games\bleed no more\bleed\sources\codesrc\engine\x64\debug\r_vbm.obj
d:\games\bleed no more\bleed\sources\codesrc\engine\x64\debug\r_sprites.obj
d:\games\bleed no more\bleed\sources\codesrc\engine\x64\debug\r_rttcache.obj
d:\games\bleed no more\bleed\sources\codesrc\engine\x64\debug\r_legacyparticles.obj
d:\games\bleed no more\bleed\sources\codesrc\engine\x64\debug\r_postprocess.obj
d:\games\bleed no more\bleed\sources\codesrc\engine\x64\debug\r_particles.obj
d:\games\bleed no more\bleed\sources\codesrc\engine\x64\debug\r_monitor.obj
d:\games\bleed no more\bleed\sources\codesrc\engine\x64\debug\r_mirror.obj
d:\games\bleed no more\bleed\sources\codesrc\engine\x64\debug\r_wadtextures.obj
d:\games\bleed no more\bleed\sources\codesrc\engine\x64\debug\r_tracers.obj
d:\games\bleed no more\bleed\sources\codesrc\engine\x64\debug\r_sky.obj
d:\games\bleed no more\bleed\sources\codesrc\engine\x64\debug\window.obj
d:\games\bleed no more\bleed\sources\codesrc\engine\x64\debug\vid.obj
d:\games\bleed no more\bleed\sources\codesrc\engine\x64\debug\uimanager.obj
d:\games\bleed no more\bleed\sources\codesrc\engine\x64\debug\system.obj
d:\games\bleed no more\bleed\sources\codesrc\engine\x64\debug\r_text.obj
d:\games\bleed no more\bleed\sources\codesrc\engine\x64\debug\r_main.obj
d:\games\bleed no more\bleed\sources\codesrc\engine\x64\debug\main.obj
d:\games\bleed no more\bleed\sources\codesrc\engine\x64\debug\input.obj
d:\games\bleed no more\bleed\sources\codesrc\engine\x64\debug\config.obj
d:\games\bleed no more\bleed\sources\codesrc\engine\x64\debug\commands.obj
d:\games\bleed no more\bleed\sources\codesrc\engine\x64\debug\sys_misc.obj
d:\games\bleed no more\bleed\sources\codesrc\engine\x64\debug\sys_cmd.obj
d:\games\bleed no more\bleed\sources\codesrc\engine\x64\debug\r_menu.obj
d:\games\bleed no more\bleed\sources\codesrc\engine\x64\debug\r_bsp.obj
d:\games\bleed no more\bleed\sources\codesrc\engine\x64\debug\trace_shared.obj
d:\games\bleed no more\bleed\sources\codesrc\engine\x64\debug\saverestore.obj
d:\games\bleed no more\bleed\sources\codesrc\engine\x64\debug\vbmtrace.obj
d:\games\bleed no more\bleed\sources\codesrc\engine\x64\debug\usermsg.obj
d:\games\bleed no more\bleed\sources\codesrc\engine\x64\debug\textschemas.obj
d:\games\bleed no more\bleed\sources\codesrc\engine\x64\debug\sys_print.obj
d:\games\bleed no more\bleed\sources\codesrc\engine\x64\debug\uisettingswindow.obj
d:\games\bleed no more\bleed\sources\codesrc\engine\x64\debug\uisaveloadwindow.obj
d:\games\bleed no more\bleed\sources\codesrc\engine\x64\debug\uinewgamewindow.obj
d:\games\bleed no more\bleed\sources\codesrc\engine\x64\debug\uiexitwindow.obj
d:\games\bleed no more\bleed\sources\codesrc\engine\x64\debug\uidownloadwindow.obj
d:\games\bleed no more\bleed\sources\codesrc\engine\x64\debug\uiconsolewindow.obj
d:\games\bleed no more\bleed\sources\codesrc\engine\x64\debug\vbm_shared.obj
d:\games\bleed no more\bleed\sources\codesrc\engine\x64\debug\r_vbo.obj
d:\games\bleed no more\bleed\sources\codesrc\engine\x64\debug\r_glsl.obj
d:\games\bleed no more\bleed\sources\codesrc\engine\x64\debug\r_glextf.obj
d:\games\bleed no more\bleed\sources\codesrc\engine\x64\debug\frustum.obj
d:\games\bleed no more\bleed\sources\codesrc\engine\x64\debug\flexmanager.obj
d:\games\bleed no more\bleed\sources\codesrc\engine\x64\debug\decallist.obj
d:\games\bleed no more\bleed\sources\codesrc\engine\x64\debug\cvar.obj
d:\games\bleed no more\bleed\sources\codesrc\engine\x64\debug\uielements.obj
d:\games\bleed no more\bleed\sources\codesrc\engine\x64\debug\miniz.obj
d:\games\bleed no more\bleed\sources\codesrc\engine\pathos_x64.exe
d:\games\bleed no more\bleed\sources\codesrc\engine\x64\debug\pathos_x64.ilk
d:\games\bleed no more\bleed\sources\codesrc\x64\debug\pathos_x64.exe
d:\games\bleed no more\bleed\sources\codesrc\x64\debug\pathos_x64.pdb
d:\games\bleed no more\bleed\sources\codesrc\x64\debug\pathos_x64.map
d:\games\bleed no more\bleed\sources\codesrc\x64\debug\pathos_x64.lib
d:\games\bleed no more\bleed\sources\codesrc\x64\debug\pathos_x64.exp
d:\games\bleed no more\bleed\sources\codesrc\engine\x64\debug\pathos-engine.res
d:\games\bleed no more\bleed\sources\codesrc\engine\x64\debug\pathos-engine.tlog\cl.command.1.tlog
d:\games\bleed no more\bleed\sources\codesrc\engine\x64\debug\pathos-engine.tlog\cl.items.tlog
d:\games\bleed no more\bleed\sources\codesrc\engine\x64\debug\pathos-engine.tlog\cl.read.1.tlog
d:\games\bleed no more\bleed\sources\codesrc\engine\x64\debug\pathos-engine.tlog\cl.write.1.tlog
d:\games\bleed no more\bleed\sources\codesrc\engine\x64\debug\pathos-engine.tlog\custombuildstep.read.1u.tlog
d:\games\bleed no more\bleed\sources\codesrc\engine\x64\debug\pathos-engine.tlog\custombuildstep.write.1u.tlog
d:\games\bleed no more\bleed\sources\codesrc\engine\x64\debug\pathos-engine.tlog\link.command.1.tlog
d:\games\bleed no more\bleed\sources\codesrc\engine\x64\debug\pathos-engine.tlog\link.read.1.tlog
d:\games\bleed no more\bleed\sources\codesrc\engine\x64\debug\pathos-engine.tlog\link.write.1.tlog
d:\games\bleed no more\bleed\sources\codesrc\engine\x64\debug\pathos-engine.tlog\link.write.2u.tlog
d:\games\bleed no more\bleed\sources\codesrc\engine\x64\debug\pathos-engine.tlog\rc.command.1.tlog
d:\games\bleed no more\bleed\sources\codesrc\engine\x64\debug\pathos-engine.tlog\rc.read.1.tlog
d:\games\bleed no more\bleed\sources\codesrc\engine\x64\debug\pathos-engine.tlog\rc.write.1.tlog
