d:\games\bleed no more\bleed\sources\codesrc\engine\x64\release\vc143.pdb
d:\games\bleed no more\bleed\sources\codesrc\engine\x64\release\ald.obj
d:\games\bleed no more\bleed\sources\codesrc\engine\x64\release\uischema.obj
d:\games\bleed no more\bleed\sources\codesrc\engine\x64\release\texturemanager.obj
d:\games\bleed no more\bleed\sources\codesrc\engine\x64\release\stepsound.obj
d:\games\bleed no more\bleed\sources\codesrc\engine\x64\release\sentencesfile.obj
d:\games\bleed no more\bleed\sources\codesrc\engine\x64\release\r_basicdraw.obj
d:\games\bleed no more\bleed\sources\codesrc\engine\x64\release\tga.obj
d:\games\bleed no more\bleed\sources\codesrc\engine\x64\release\r_common.obj
d:\games\bleed no more\bleed\sources\codesrc\engine\x64\release\ogg_common.obj
d:\games\bleed no more\bleed\sources\codesrc\engine\x64\release\md5.obj
d:\games\bleed no more\bleed\sources\codesrc\engine\x64\release\matrix.obj
d:\games\bleed no more\bleed\sources\codesrc\engine\x64\release\logfile.obj
d:\games\bleed no more\bleed\sources\codesrc\engine\x64\release\dds.obj
d:\games\bleed no more\bleed\sources\codesrc\engine\x64\release\cstringpool.obj
d:\games\bleed no more\bleed\sources\codesrc\engine\x64\release\cstring.obj
d:\games\bleed no more\bleed\sources\codesrc\engine\x64\release\crc32.obj
d:\games\bleed no more\bleed\sources\codesrc\engine\x64\release\common.obj
d:\games\bleed no more\bleed\sources\codesrc\engine\x64\release\cbuffer.obj
d:\games\bleed no more\bleed\sources\codesrc\engine\x64\release\cbitset.obj
d:\games\bleed no more\bleed\sources\codesrc\engine\x64\release\bmp.obj
d:\games\bleed no more\bleed\sources\codesrc\engine\x64\release\modelcache.obj
d:\games\bleed no more\bleed\sources\codesrc\engine\x64\release\filewriterthread.obj
d:\games\bleed no more\bleed\sources\codesrc\engine\x64\release\file.obj
d:\games\bleed no more\bleed\sources\codesrc\engine\x64\release\enginefuncs.obj
d:\games\bleed no more\bleed\sources\codesrc\engine\x64\release\edictmanager.obj
d:\games\bleed no more\bleed\sources\codesrc\engine\x64\release\dllexports.obj
d:\games\bleed no more\bleed\sources\codesrc\engine\x64\release\console.obj
d:\games\bleed no more\bleed\sources\codesrc\engine\x64\release\cl_utils.obj
d:\games\bleed no more\bleed\sources\codesrc\engine\x64\release\cl_tempentities.obj
d:\games\bleed no more\bleed\sources\codesrc\engine\x64\release\cl_snd.obj
d:\games\bleed no more\bleed\sources\codesrc\engine\x64\release\cl_resource.obj
d:\games\bleed no more\bleed\sources\codesrc\engine\x64\release\cl_predict.obj
d:\games\bleed no more\bleed\sources\codesrc\engine\x64\release\cl_pmove.obj
d:\games\bleed no more\bleed\sources\codesrc\engine\x64\release\cl_msg.obj
d:\games\bleed no more\bleed\sources\codesrc\engine\x64\release\cl_main.obj
d:\games\bleed no more\bleed\sources\codesrc\engine\x64\release\cl_efx.obj
d:\games\bleed no more\bleed\sources\codesrc\engine\x64\release\cl_cmd.obj
d:\games\bleed no more\bleed\sources\codesrc\engine\x64\release\bsp_shared.obj
d:\games\bleed no more\bleed\sources\codesrc\engine\x64\release\bspv30.obj
d:\games\bleed no more\bleed\sources\codesrc\engine\x64\release\brushmodel.obj
d:\games\bleed no more\bleed\sources\codesrc\engine\x64\release\r_portals.obj
d:\games\bleed no more\bleed\sources\codesrc\engine\x64\release\r_nsmoothing.obj
d:\games\bleed no more\bleed\sources\codesrc\engine\x64\release\r_menuparticles.obj
d:\games\bleed no more\bleed\sources\codesrc\engine\x64\release\r_lightstyles.obj
d:\games\bleed no more\bleed\sources\codesrc\engine\x64\release\r_lensflare.obj
d:\games\bleed no more\bleed\sources\codesrc\engine\x64\release\r_interfacefuncs.obj
d:\games\bleed no more\bleed\sources\codesrc\engine\x64\release\r_glqueries.obj
d:\games\bleed no more\bleed\sources\codesrc\engine\x64\release\r_glowaura.obj
d:\games\bleed no more\bleed\sources\codesrc\engine\x64\release\r_fbocache.obj
d:\games\bleed no more\bleed\sources\codesrc\engine\x64\release\r_dlights.obj
d:\games\bleed no more\bleed\sources\codesrc\engine\x64\release\r_decals.obj
d:\games\bleed no more\bleed\sources\codesrc\engine\x64\release\r_cubemaps.obj
d:\games\bleed no more\bleed\sources\codesrc\engine\x64\release\r_cables.obj
d:\games\bleed no more\bleed\sources\codesrc\engine\x64\release\r_blackhole.obj
d:\games\bleed no more\bleed\sources\codesrc\engine\x64\release\r_beams.obj
d:\games\bleed no more\bleed\sources\codesrc\engine\x64\release\pbspv2.obj
d:\games\bleed no more\bleed\sources\codesrc\engine\x64\release\pbspv1.obj
d:\games\bleed no more\bleed\sources\codesrc\engine\x64\release\net_sp.obj
d:\games\bleed no more\bleed\sources\codesrc\engine\x64\release\net_mp.obj
d:\games\bleed no more\bleed\sources\codesrc\engine\x64\release\networking.obj
d:\games\bleed no more\bleed\sources\codesrc\engine\x64\release\sv_move.obj
d:\games\bleed no more\bleed\sources\codesrc\engine\x64\release\sprite.obj
d:\games\bleed no more\bleed\sources\codesrc\engine\x64\release\sv_physics.obj
d:\games\bleed no more\bleed\sources\codesrc\engine\x64\release\sv_msg.obj
d:\games\bleed no more\bleed\sources\codesrc\engine\x64\release\sv_world.obj
d:\games\bleed no more\bleed\sources\codesrc\engine\x64\release\sv_main.obj
d:\games\bleed no more\bleed\sources\codesrc\engine\x64\release\sv_entities.obj
d:\games\bleed no more\bleed\sources\codesrc\engine\x64\release\stb_dxt.obj
d:\games\bleed no more\bleed\sources\codesrc\engine\x64\release\r_water.obj
d:\games\bleed no more\bleed\sources\codesrc\engine\x64\release\r_vbm.obj
d:\games\bleed no more\bleed\sources\codesrc\engine\x64\release\r_sprites.obj
d:\games\bleed no more\bleed\sources\codesrc\engine\x64\release\r_rttcache.obj
d:\games\bleed no more\bleed\sources\codesrc\engine\x64\release\r_legacyparticles.obj
d:\games\bleed no more\bleed\sources\codesrc\engine\x64\release\r_postprocess.obj
d:\games\bleed no more\bleed\sources\codesrc\engine\x64\release\r_particles.obj
d:\games\bleed no more\bleed\sources\codesrc\engine\x64\release\r_monitor.obj
d:\games\bleed no more\bleed\sources\codesrc\engine\x64\release\r_mirror.obj
d:\games\bleed no more\bleed\sources\codesrc\engine\x64\release\r_wadtextures.obj
d:\games\bleed no more\bleed\sources\codesrc\engine\x64\release\r_tracers.obj
d:\games\bleed no more\bleed\sources\codesrc\engine\x64\release\r_sky.obj
d:\games\bleed no more\bleed\sources\codesrc\engine\x64\release\window.obj
d:\games\bleed no more\bleed\sources\codesrc\engine\x64\release\vid.obj
d:\games\bleed no more\bleed\sources\codesrc\engine\x64\release\uimanager.obj
d:\games\bleed no more\bleed\sources\codesrc\engine\x64\release\system.obj
d:\games\bleed no more\bleed\sources\codesrc\engine\x64\release\r_text.obj
d:\games\bleed no more\bleed\sources\codesrc\engine\x64\release\r_main.obj
d:\games\bleed no more\bleed\sources\codesrc\engine\x64\release\main.obj
d:\games\bleed no more\bleed\sources\codesrc\engine\x64\release\input.obj
d:\games\bleed no more\bleed\sources\codesrc\engine\x64\release\config.obj
d:\games\bleed no more\bleed\sources\codesrc\engine\x64\release\commands.obj
d:\games\bleed no more\bleed\sources\codesrc\engine\x64\release\sys_misc.obj
d:\games\bleed no more\bleed\sources\codesrc\engine\x64\release\sys_cmd.obj
d:\games\bleed no more\bleed\sources\codesrc\engine\x64\release\r_menu.obj
d:\games\bleed no more\bleed\sources\codesrc\engine\x64\release\r_bsp.obj
d:\games\bleed no more\bleed\sources\codesrc\engine\x64\release\trace_shared.obj
d:\games\bleed no more\bleed\sources\codesrc\engine\x64\release\saverestore.obj
d:\games\bleed no more\bleed\sources\codesrc\engine\x64\release\vbmtrace.obj
d:\games\bleed no more\bleed\sources\codesrc\engine\x64\release\usermsg.obj
d:\games\bleed no more\bleed\sources\codesrc\engine\x64\release\textschemas.obj
d:\games\bleed no more\bleed\sources\codesrc\engine\x64\release\sys_print.obj
d:\games\bleed no more\bleed\sources\codesrc\engine\x64\release\uisettingswindow.obj
d:\games\bleed no more\bleed\sources\codesrc\engine\x64\release\uisaveloadwindow.obj
d:\games\bleed no more\bleed\sources\codesrc\engine\x64\release\uinewgamewindow.obj
d:\games\bleed no more\bleed\sources\codesrc\engine\x64\release\uiexitwindow.obj
d:\games\bleed no more\bleed\sources\codesrc\engine\x64\release\uidownloadwindow.obj
d:\games\bleed no more\bleed\sources\codesrc\engine\x64\release\uiconsolewindow.obj
d:\games\bleed no more\bleed\sources\codesrc\engine\x64\release\vbm_shared.obj
d:\games\bleed no more\bleed\sources\codesrc\engine\x64\release\r_vbo.obj
d:\games\bleed no more\bleed\sources\codesrc\engine\x64\release\r_glsl.obj
d:\games\bleed no more\bleed\sources\codesrc\engine\x64\release\r_glextf.obj
d:\games\bleed no more\bleed\sources\codesrc\engine\x64\release\frustum.obj
d:\games\bleed no more\bleed\sources\codesrc\engine\x64\release\flexmanager.obj
d:\games\bleed no more\bleed\sources\codesrc\engine\x64\release\decallist.obj
d:\games\bleed no more\bleed\sources\codesrc\engine\x64\release\cvar.obj
d:\games\bleed no more\bleed\sources\codesrc\engine\x64\release\uielements.obj
d:\games\bleed no more\bleed\sources\codesrc\engine\x64\release\miniz.obj
d:\games\bleed no more\bleed\sources\codesrc\engine\pathos_x64.exe
d:\games\bleed no more\bleed\sources\codesrc\x64\release\pathos_x64.exe
d:\games\bleed no more\bleed\sources\codesrc\x64\release\pathos_x64.pdb
d:\games\bleed no more\bleed\sources\codesrc\engine\x64\release\pathos_x64.iobj
d:\games\bleed no more\bleed\sources\codesrc\x64\release\pathos_x64.map
d:\games\bleed no more\bleed\sources\codesrc\x64\release\pathos_x64.lib
d:\games\bleed no more\bleed\sources\codesrc\x64\release\pathos_x64.exp
d:\games\bleed no more\bleed\sources\codesrc\engine\x64\release\pathos-engine.res
d:\games\bleed no more\bleed\sources\codesrc\engine\x64\release\pathos-engine.tlog\cl.command.1.tlog
d:\games\bleed no more\bleed\sources\codesrc\engine\x64\release\pathos-engine.tlog\cl.items.tlog
d:\games\bleed no more\bleed\sources\codesrc\engine\x64\release\pathos-engine.tlog\cl.read.1.tlog
d:\games\bleed no more\bleed\sources\codesrc\engine\x64\release\pathos-engine.tlog\cl.write.1.tlog
d:\games\bleed no more\bleed\sources\codesrc\engine\x64\release\pathos-engine.tlog\custombuildstep.read.1u.tlog
d:\games\bleed no more\bleed\sources\codesrc\engine\x64\release\pathos-engine.tlog\custombuildstep.write.1u.tlog
d:\games\bleed no more\bleed\sources\codesrc\engine\x64\release\pathos-engine.tlog\link.command.1.tlog
d:\games\bleed no more\bleed\sources\codesrc\engine\x64\release\pathos-engine.tlog\link.read.1.tlog
d:\games\bleed no more\bleed\sources\codesrc\engine\x64\release\pathos-engine.tlog\link.write.1.tlog
d:\games\bleed no more\bleed\sources\codesrc\engine\x64\release\pathos-engine.tlog\link.write.2u.tlog
d:\games\bleed no more\bleed\sources\codesrc\engine\x64\release\pathos-engine.tlog\rc.command.1.tlog
d:\games\bleed no more\bleed\sources\codesrc\engine\x64\release\pathos-engine.tlog\rc.read.1.tlog
d:\games\bleed no more\bleed\sources\codesrc\engine\x64\release\pathos-engine.tlog\rc.write.1.tlog
