d:\games\bleed no more\bleed\sources\codesrc\gamedll\x64\release\vc143.pdb
d:\games\bleed no more\bleed\sources\codesrc\gamedll\x64\release\ai_common.obj
d:\games\bleed no more\bleed\sources\codesrc\gamedll\x64\release\aiwandercontroller.obj
d:\games\bleed no more\bleed\sources\codesrc\gamedll\x64\release\aiflagtoggler.obj
d:\games\bleed no more\bleed\sources\codesrc\gamedll\x64\release\aisettriggercondition.obj
d:\games\bleed no more\bleed\sources\codesrc\gamedll\x64\release\aisetfollowtarget.obj
d:\games\bleed no more\bleed\sources\codesrc\gamedll\x64\release\aisetenemy.obj
d:\games\bleed no more\bleed\sources\codesrc\gamedll\x64\release\weapons_shared.obj
d:\games\bleed no more\bleed\sources\codesrc\gamedll\x64\release\vbm_shared.obj
d:\games\bleed no more\bleed\sources\codesrc\gamedll\x64\release\stepsound.obj
d:\games\bleed no more\bleed\sources\codesrc\gamedll\x64\release\sentencesfile.obj
d:\games\bleed no more\bleed\sources\codesrc\gamedll\x64\release\playermove.obj
d:\games\bleed no more\bleed\sources\codesrc\gamedll\x64\release\flexmanager.obj
d:\games\bleed no more\bleed\sources\codesrc\gamedll\x64\release\decallist.obj
d:\games\bleed no more\bleed\sources\codesrc\gamedll\x64\release\activitymappings.obj
d:\games\bleed no more\bleed\sources\codesrc\gamedll\x64\release\logfile.obj
d:\games\bleed no more\bleed\sources\codesrc\gamedll\x64\release\cstringpool.obj
d:\games\bleed no more\bleed\sources\codesrc\gamedll\x64\release\cstring.obj
d:\games\bleed no more\bleed\sources\codesrc\gamedll\x64\release\crc32.obj
d:\games\bleed no more\bleed\sources\codesrc\gamedll\x64\release\common.obj
d:\games\bleed no more\bleed\sources\codesrc\gamedll\x64\release\cbitset.obj
d:\games\bleed no more\bleed\sources\codesrc\gamedll\x64\release\envbeam.obj
d:\games\bleed no more\bleed\sources\codesrc\gamedll\x64\release\doorstatestack.obj
d:\games\bleed no more\bleed\sources\codesrc\gamedll\x64\release\cplane.obj
d:\games\bleed no more\bleed\sources\codesrc\gamedll\x64\release\beam.obj
d:\games\bleed no more\bleed\sources\codesrc\gamedll\x64\release\baseentity.obj
d:\games\bleed no more\bleed\sources\codesrc\gamedll\x64\release\ai_basenpc.obj
d:\games\bleed no more\bleed\sources\codesrc\gamedll\x64\release\animatingentity.obj
d:\games\bleed no more\bleed\sources\codesrc\gamedll\x64\release\ammoglockclip.obj
d:\games\bleed no more\bleed\sources\codesrc\gamedll\x64\release\ambientoggstream.obj
d:\games\bleed no more\bleed\sources\codesrc\gamedll\x64\release\ambientgeneric.obj
d:\games\bleed no more\bleed\sources\codesrc\gamedll\x64\release\ai_wandernpc.obj
d:\games\bleed no more\bleed\sources\codesrc\gamedll\x64\release\ai_tasks.obj
d:\games\bleed no more\bleed\sources\codesrc\gamedll\x64\release\ai_talknpc.obj
d:\games\bleed no more\bleed\sources\codesrc\gamedll\x64\release\ai_squadnpc.obj
d:\games\bleed no more\bleed\sources\codesrc\gamedll\x64\release\ai_sounds.obj
d:\games\bleed no more\bleed\sources\codesrc\gamedll\x64\release\ai_schedules.obj
d:\games\bleed no more\bleed\sources\codesrc\gamedll\x64\release\ai_schedule.obj
d:\games\bleed no more\bleed\sources\codesrc\gamedll\x64\release\ai_patrolnpc.obj
d:\games\bleed no more\bleed\sources\codesrc\gamedll\x64\release\ai_nodegraph.obj
d:\games\bleed no more\bleed\sources\codesrc\gamedll\x64\release\ai_militianpc.obj
d:\games\bleed no more\bleed\sources\codesrc\gamedll\x64\release\envsetbodygroup.obj
d:\games\bleed no more\bleed\sources\codesrc\gamedll\x64\release\envposportalworld.obj
d:\games\bleed no more\bleed\sources\codesrc\gamedll\x64\release\envposportal.obj
d:\games\bleed no more\bleed\sources\codesrc\gamedll\x64\release\envparticleeffect.obj
d:\games\bleed no more\bleed\sources\codesrc\gamedll\x64\release\envoverlay.obj
d:\games\bleed no more\bleed\sources\codesrc\gamedll\x64\release\envmodeltrain.obj
d:\games\bleed no more\bleed\sources\codesrc\gamedll\x64\release\envmodelbreakable.obj
d:\games\bleed no more\bleed\sources\codesrc\gamedll\x64\release\envlightning.obj
d:\games\bleed no more\bleed\sources\codesrc\gamedll\x64\release\envlensflare.obj
d:\games\bleed no more\bleed\sources\codesrc\gamedll\x64\release\envlaser.obj
d:\games\bleed no more\bleed\sources\codesrc\gamedll\x64\release\envimplosion.obj
d:\games\bleed no more\bleed\sources\codesrc\gamedll\x64\release\envhudpickupmsg.obj
d:\games\bleed no more\bleed\sources\codesrc\gamedll\x64\release\envfilmgrain.obj
d:\games\bleed no more\bleed\sources\codesrc\gamedll\x64\release\envelighttrain.obj
d:\games\bleed no more\bleed\sources\codesrc\gamedll\x64\release\envearthquake.obj
d:\games\bleed no more\bleed\sources\codesrc\gamedll\x64\release\envdlighttrain.obj
d:\games\bleed no more\bleed\sources\codesrc\gamedll\x64\release\envchromatic.obj
d:\games\bleed no more\bleed\sources\codesrc\gamedll\x64\release\envblackandwhite.obj
d:\games\bleed no more\bleed\sources\codesrc\gamedll\x64\release\envblackhole.obj
d:\games\bleed no more\bleed\sources\codesrc\gamedll\x64\release\envbeamfollow.obj
d:\games\bleed no more\bleed\sources\codesrc\gamedll\x64\release\envglow.obj
d:\games\bleed no more\bleed\sources\codesrc\gamedll\x64\release\envglobal.obj
d:\games\bleed no more\bleed\sources\codesrc\gamedll\x64\release\envfunnel.obj
d:\games\bleed no more\bleed\sources\codesrc\gamedll\x64\release\envfade.obj
d:\games\bleed no more\bleed\sources\codesrc\gamedll\x64\release\envexplosion.obj
d:\games\bleed no more\bleed\sources\codesrc\gamedll\x64\release\envbubbles.obj
d:\games\bleed no more\bleed\sources\codesrc\gamedll\x64\release\envblood.obj
d:\games\bleed no more\bleed\sources\codesrc\gamedll\x64\release\envbeverage.obj
d:\games\bleed no more\bleed\sources\codesrc\gamedll\x64\release\ehandle.obj
d:\games\bleed no more\bleed\sources\codesrc\gamedll\x64\release\funcdoor.obj
d:\games\bleed no more\bleed\sources\codesrc\gamedll\x64\release\funcbutton.obj
d:\games\bleed no more\bleed\sources\codesrc\gamedll\x64\release\funcbreakable.obj
d:\games\bleed no more\bleed\sources\codesrc\gamedll\x64\release\envvignette.obj
d:\games\bleed no more\bleed\sources\codesrc\gamedll\x64\release\envtracereffect.obj
d:\games\bleed no more\bleed\sources\codesrc\gamedll\x64\release\envsyncanimation.obj
d:\games\bleed no more\bleed\sources\codesrc\gamedll\x64\release\envsun.obj
d:\games\bleed no more\bleed\sources\codesrc\gamedll\x64\release\envbeamfx.obj
d:\games\bleed no more\bleed\sources\codesrc\gamedll\x64\release\envspecialfog.obj
d:\games\bleed no more\bleed\sources\codesrc\gamedll\x64\release\envsetskytexture.obj
d:\games\bleed no more\bleed\sources\codesrc\gamedll\x64\release\envsetsequence.obj
d:\games\bleed no more\bleed\sources\codesrc\gamedll\x64\release\funcparticleblocker.obj
d:\games\bleed no more\bleed\sources\codesrc\gamedll\x64\release\funcnull.obj
d:\games\bleed no more\bleed\sources\codesrc\gamedll\x64\release\funcmonitor.obj
d:\games\bleed no more\bleed\sources\codesrc\gamedll\x64\release\funcladder.obj
d:\games\bleed no more\bleed\sources\codesrc\gamedll\x64\release\funcdoorrotating.obj
d:\games\bleed no more\bleed\sources\codesrc\gamedll\x64\release\funcbikeblock.obj
d:\games\bleed no more\bleed\sources\codesrc\gamedll\x64\release\envsetskin.obj
d:\games\bleed no more\bleed\sources\codesrc\gamedll\x64\release\envspritetrain.obj
d:\games\bleed no more\bleed\sources\codesrc\gamedll\x64\release\envsprite.obj
d:\games\bleed no more\bleed\sources\codesrc\gamedll\x64\release\envspark.obj
d:\games\bleed no more\bleed\sources\codesrc\gamedll\x64\release\envshooter.obj
d:\games\bleed no more\bleed\sources\codesrc\gamedll\x64\release\envshake.obj
d:\games\bleed no more\bleed\sources\codesrc\gamedll\x64\release\envsetbody.obj
d:\games\bleed no more\bleed\sources\codesrc\gamedll\x64\release\envsetangles.obj
d:\games\bleed no more\bleed\sources\codesrc\gamedll\x64\release\envrotlight.obj
d:\games\bleed no more\bleed\sources\codesrc\gamedll\x64\release\envroomtype.obj
d:\games\bleed no more\bleed\sources\codesrc\gamedll\x64\release\envrender.obj
d:\games\bleed no more\bleed\sources\codesrc\gamedll\x64\release\envpossky.obj
d:\games\bleed no more\bleed\sources\codesrc\gamedll\x64\release\envmessage.obj
d:\games\bleed no more\bleed\sources\codesrc\gamedll\x64\release\envladder.obj
d:\games\bleed no more\bleed\sources\codesrc\gamedll\x64\release\gamesetdaystage.obj
d:\games\bleed no more\bleed\sources\codesrc\gamedll\x64\release\gameobjective.obj
d:\games\bleed no more\bleed\sources\codesrc\gamedll\x64\release\gamedialouge.obj
d:\games\bleed no more\bleed\sources\codesrc\gamedll\x64\release\gametimer.obj
d:\games\bleed no more\bleed\sources\codesrc\gamedll\x64\release\game.obj
d:\games\bleed no more\bleed\sources\codesrc\gamedll\x64\release\funcfriction.obj
d:\games\bleed no more\bleed\sources\codesrc\gamedll\x64\release\funcwater.obj
d:\games\bleed no more\bleed\sources\codesrc\gamedll\x64\release\functraincopy.obj
d:\games\bleed no more\bleed\sources\codesrc\gamedll\x64\release\functraincontrols.obj
d:\games\bleed no more\bleed\sources\codesrc\gamedll\x64\release\functrain.obj
d:\games\bleed no more\bleed\sources\codesrc\gamedll\x64\release\functracktrain.obj
d:\games\bleed no more\bleed\sources\codesrc\gamedll\x64\release\functrackchange.obj
d:\games\bleed no more\bleed\sources\codesrc\gamedll\x64\release\functrackautochangerc.obj
d:\games\bleed no more\bleed\sources\codesrc\gamedll\x64\release\functrackautochange.obj
d:\games\bleed no more\bleed\sources\codesrc\gamedll\x64\release\funcslippery.obj
d:\games\bleed no more\bleed\sources\codesrc\gamedll\x64\release\funcrotbutton.obj
d:\games\bleed no more\bleed\sources\codesrc\gamedll\x64\release\funcpushable.obj
d:\games\bleed no more\bleed\sources\codesrc\gamedll\x64\release\funcportalsurface.obj
d:\games\bleed no more\bleed\sources\codesrc\gamedll\x64\release\funcplatrot.obj
d:\games\bleed no more\bleed\sources\codesrc\gamedll\x64\release\funcplat.obj
d:\games\bleed no more\bleed\sources\codesrc\gamedll\x64\release\itemmotorbike.obj
d:\games\bleed no more\bleed\sources\codesrc\gamedll\x64\release\itemkevlar.obj
d:\games\bleed no more\bleed\sources\codesrc\gamedll\x64\release\itemhealthkit.obj
d:\games\bleed no more\bleed\sources\codesrc\gamedll\x64\release\itemglocksilencer.obj
d:\games\bleed no more\bleed\sources\codesrc\gamedll\x64\release\itemglockflashlight.obj
d:\games\bleed no more\bleed\sources\codesrc\gamedll\x64\release\itemdiary.obj
d:\games\bleed no more\bleed\sources\codesrc\gamedll\x64\release\infoteleportdestination.obj
d:\games\bleed no more\bleed\sources\codesrc\gamedll\x64\release\infotarget.obj
d:\games\bleed no more\bleed\sources\codesrc\gamedll\x64\release\infonull.obj
d:\games\bleed no more\bleed\sources\codesrc\gamedll\x64\release\infonodeair.obj
d:\games\bleed no more\bleed\sources\codesrc\gamedll\x64\release\infonode.obj
d:\games\bleed no more\bleed\sources\codesrc\gamedll\x64\release\infomonitorcamera.obj
d:\games\bleed no more\bleed\sources\codesrc\gamedll\x64\release\materialdefs.obj
d:\games\bleed no more\bleed\sources\codesrc\gamedll\x64\release\lightstyles.obj
d:\games\bleed no more\bleed\sources\codesrc\gamedll\x64\release\infovismark.obj
d:\games\bleed no more\bleed\sources\codesrc\gamedll\x64\release\grenade.obj
d:\games\bleed no more\bleed\sources\codesrc\gamedll\x64\release\gibshooter.obj
d:\games\bleed no more\bleed\sources\codesrc\gamedll\x64\release\gib.obj
d:\games\bleed no more\bleed\sources\codesrc\gamedll\x64\release\gametitle.obj
d:\games\bleed no more\bleed\sources\codesrc\gamedll\x64\release\gametext.obj
d:\games\bleed no more\bleed\sources\codesrc\gamedll\x64\release\funcconveyor.obj
d:\games\bleed no more\bleed\sources\codesrc\gamedll\x64\release\envspotlight.obj
d:\games\bleed no more\bleed\sources\codesrc\gamedll\x64\release\envposworld.obj
d:\games\bleed no more\bleed\sources\codesrc\gamedll\x64\release\envparticlesystem.obj
d:\games\bleed no more\bleed\sources\codesrc\gamedll\x64\release\entities.obj
d:\games\bleed no more\bleed\sources\codesrc\gamedll\x64\release\envmodel.obj
d:\games\bleed no more\bleed\sources\codesrc\gamedll\x64\release\envfog.obj
d:\games\bleed no more\bleed\sources\codesrc\gamedll\x64\release\envelight.obj
d:\games\bleed no more\bleed\sources\codesrc\gamedll\x64\release\envdlight.obj
d:\games\bleed no more\bleed\sources\codesrc\gamedll\x64\release\envdecal.obj
d:\games\bleed no more\bleed\sources\codesrc\gamedll\x64\release\envcubemap.obj
d:\games\bleed no more\bleed\sources\codesrc\gamedll\x64\release\envcable.obj
d:\games\bleed no more\bleed\sources\codesrc\gamedll\x64\release\envblur.obj
d:\games\bleed no more\bleed\sources\codesrc\gamedll\x64\release\delayentity.obj
d:\games\bleed no more\bleed\sources\codesrc\gamedll\x64\release\multidamage.obj
d:\games\bleed no more\bleed\sources\codesrc\gamedll\x64\release\mathcounter.obj
d:\games\bleed no more\bleed\sources\codesrc\gamedll\x64\release\itemtaperecorder.obj
d:\games\bleed no more\bleed\sources\codesrc\gamedll\x64\release\itemsodacan.obj
d:\games\bleed no more\bleed\sources\codesrc\gamedll\x64\release\itemshoulderlight.obj
d:\games\bleed no more\bleed\sources\codesrc\gamedll\x64\release\itemsecurity.obj
d:\games\bleed no more\bleed\sources\codesrc\gamedll\x64\release\multimanager.obj
d:\games\bleed no more\bleed\sources\codesrc\gamedll\x64\release\lightspot.obj
d:\games\bleed no more\bleed\sources\codesrc\gamedll\x64\release\lightenvironment.obj
d:\games\bleed no more\bleed\sources\codesrc\gamedll\x64\release\light.obj
d:\games\bleed no more\bleed\sources\codesrc\gamedll\x64\release\infolightorigin.obj
d:\games\bleed no more\bleed\sources\codesrc\gamedll\x64\release\infoplayerstart.obj
d:\games\bleed no more\bleed\sources\codesrc\gamedll\x64\release\infoplayerdeathmatch.obj
d:\games\bleed no more\bleed\sources\codesrc\gamedll\x64\release\infolandmark.obj
d:\games\bleed no more\bleed\sources\codesrc\gamedll\x64\release\globalstate.obj
d:\games\bleed no more\bleed\sources\codesrc\gamedll\x64\release\gameradio.obj
d:\games\bleed no more\bleed\sources\codesrc\gamedll\x64\release\gamedll.obj
d:\games\bleed no more\bleed\sources\codesrc\gamedll\x64\release\funcwalltoggle.obj
d:\games\bleed no more\bleed\sources\codesrc\gamedll\x64\release\funcwall.obj
d:\games\bleed no more\bleed\sources\codesrc\gamedll\x64\release\funcrotating.obj
d:\games\bleed no more\bleed\sources\codesrc\gamedll\x64\release\funcpendulum.obj
d:\games\bleed no more\bleed\sources\codesrc\gamedll\x64\release\funcnpcclip.obj
d:\games\bleed no more\bleed\sources\codesrc\gamedll\x64\release\funcmirror.obj
d:\games\bleed no more\bleed\sources\codesrc\gamedll\x64\release\funcillusionary.obj
d:\games\bleed no more\bleed\sources\codesrc\gamedll\x64\release\funcfade.obj
d:\games\bleed no more\bleed\sources\codesrc\gamedll\x64\release\funcclipeconomy.obj
d:\games\bleed no more\bleed\sources\codesrc\gamedll\x64\release\playerdualweapon.obj
d:\games\bleed no more\bleed\sources\codesrc\gamedll\x64\release\playerammo.obj
d:\games\bleed no more\bleed\sources\codesrc\gamedll\x64\release\player.obj
d:\games\bleed no more\bleed\sources\codesrc\gamedll\x64\release\plattrigger.obj
d:\games\bleed no more\bleed\sources\codesrc\gamedll\x64\release\plattrainentity.obj
d:\games\bleed no more\bleed\sources\codesrc\gamedll\x64\release\pathtrack.obj
d:\games\bleed no more\bleed\sources\codesrc\gamedll\x64\release\pathcorner.obj
d:\games\bleed no more\bleed\sources\codesrc\gamedll\x64\release\nullentity.obj
d:\games\bleed no more\bleed\sources\codesrc\gamedll\x64\release\npctesthull.obj
d:\games\bleed no more\bleed\sources\codesrc\gamedll\x64\release\npcsecuritydead.obj
d:\games\bleed no more\bleed\sources\codesrc\gamedll\x64\release\npcsecurity.obj
d:\games\bleed no more\bleed\sources\codesrc\gamedll\x64\release\npcmaker.obj
d:\games\bleed no more\bleed\sources\codesrc\gamedll\x64\release\npcgeneric.obj
d:\games\bleed no more\bleed\sources\codesrc\gamedll\x64\release\npcclonesoldier.obj
d:\games\bleed no more\bleed\sources\codesrc\gamedll\x64\release\nodeviewer.obj
d:\games\bleed no more\bleed\sources\codesrc\gamedll\x64\release\nodestack.obj
d:\games\bleed no more\bleed\sources\codesrc\gamedll\x64\release\nodeignorelist.obj
d:\games\bleed no more\bleed\sources\codesrc\gamedll\x64\release\nightlightspot.obj
d:\games\bleed no more\bleed\sources\codesrc\gamedll\x64\release\nightlight.obj
d:\games\bleed no more\bleed\sources\codesrc\gamedll\x64\release\multisource.obj
d:\games\bleed no more\bleed\sources\codesrc\gamedll\x64\release\triggerchance.obj
d:\games\bleed no more\bleed\sources\codesrc\gamedll\x64\release\triggercameramodel.obj
d:\games\bleed no more\bleed\sources\codesrc\gamedll\x64\release\triggercamera.obj
d:\games\bleed no more\bleed\sources\codesrc\gamedll\x64\release\triggerautosave.obj
d:\games\bleed no more\bleed\sources\codesrc\gamedll\x64\release\triggerauto.obj
d:\games\bleed no more\bleed\sources\codesrc\gamedll\x64\release\toggleentity.obj
d:\games\bleed no more\bleed\sources\codesrc\gamedll\x64\release\timedamage.obj
d:\games\bleed no more\bleed\sources\codesrc\gamedll\x64\release\statestack.obj
d:\games\bleed no more\bleed\sources\codesrc\gamedll\x64\release\sparkshower.obj
d:\games\bleed no more\bleed\sources\codesrc\gamedll\x64\release\skytexturesets.obj
d:\games\bleed no more\bleed\sources\codesrc\gamedll\x64\release\skilldata.obj
d:\games\bleed no more\bleed\sources\codesrc\gamedll\x64\release\scriptedsequence.obj
d:\games\bleed no more\bleed\sources\codesrc\gamedll\x64\release\scriptedsentence.obj
d:\games\bleed no more\bleed\sources\codesrc\gamedll\x64\release\nodequeue.obj
d:\games\bleed no more\bleed\sources\codesrc\gamedll\x64\release\prioritynodequeue.obj
d:\games\bleed no more\bleed\sources\codesrc\gamedll\x64\release\pointentity.obj
d:\games\bleed no more\bleed\sources\codesrc\gamedll\x64\release\playerweaponstrip.obj
d:\games\bleed no more\bleed\sources\codesrc\gamedll\x64\release\playerweapon.obj
d:\games\bleed no more\bleed\sources\codesrc\gamedll\x64\release\playerloadsaved.obj
d:\games\bleed no more\bleed\sources\codesrc\gamedll\x64\release\playeritem.obj
d:\games\bleed no more\bleed\sources\codesrc\gamedll\x64\release\triggernpcpull.obj
d:\games\bleed no more\bleed\sources\codesrc\gamedll\x64\release\triggermultiple.obj
d:\games\bleed no more\bleed\sources\codesrc\gamedll\x64\release\triggermovetrain.obj
d:\games\bleed no more\bleed\sources\codesrc\gamedll\x64\release\triggermove.obj
d:\games\bleed no more\bleed\sources\codesrc\gamedll\x64\release\triggerlookat.obj
d:\games\bleed no more\bleed\sources\codesrc\gamedll\x64\release\triggerlogin.obj
d:\games\bleed no more\bleed\sources\codesrc\gamedll\x64\release\triggerkillplayer.obj
d:\games\bleed no more\bleed\sources\codesrc\gamedll\x64\release\triggerkeypad.obj
d:\games\bleed no more\bleed\sources\codesrc\gamedll\x64\release\triggerhurt.obj
d:\games\bleed no more\bleed\sources\codesrc\gamedll\x64\release\triggergravity.obj
d:\games\bleed no more\bleed\sources\codesrc\gamedll\x64\release\triggerglobaldelayed.obj
d:\games\bleed no more\bleed\sources\codesrc\gamedll\x64\release\triggerforceholster.obj
d:\games\bleed no more\bleed\sources\codesrc\gamedll\x64\release\triggerforceclose.obj
d:\games\bleed no more\bleed\sources\codesrc\gamedll\x64\release\triggerentity.obj
d:\games\bleed no more\bleed\sources\codesrc\gamedll\x64\release\triggerendgame.obj
d:\games\bleed no more\bleed\sources\codesrc\gamedll\x64\release\triggercounterp.obj
d:\games\bleed no more\bleed\sources\codesrc\gamedll\x64\release\triggercounter.obj
d:\games\bleed no more\bleed\sources\codesrc\gamedll\x64\release\triggercoderegister.obj
d:\games\bleed no more\bleed\sources\codesrc\gamedll\x64\release\triggerchangetarget.obj
d:\games\bleed no more\bleed\sources\codesrc\gamedll\x64\release\triggerchangelevel.obj
d:\games\bleed no more\bleed\sources\codesrc\gamedll\x64\release\usermsgs.obj
d:\games\bleed no more\bleed\sources\codesrc\gamedll\x64\release\triggerzoom.obj
d:\games\bleed no more\bleed\sources\codesrc\gamedll\x64\release\triggervacuum.obj
d:\games\bleed no more\bleed\sources\codesrc\gamedll\x64\release\triggertransition.obj
d:\games\bleed no more\bleed\sources\codesrc\gamedll\x64\release\triggertoggletarget.obj
d:\games\bleed no more\bleed\sources\codesrc\gamedll\x64\release\triggertextwindow.obj
d:\games\bleed no more\bleed\sources\codesrc\gamedll\x64\release\triggerteleport.obj
d:\games\bleed no more\bleed\sources\codesrc\gamedll\x64\release\triggersubwayflagger.obj
d:\games\bleed no more\bleed\sources\codesrc\gamedll\x64\release\triggersubwaycontroller.obj
d:\games\bleed no more\bleed\sources\codesrc\gamedll\x64\release\triggerspeedup.obj
d:\games\bleed no more\bleed\sources\codesrc\gamedll\x64\release\triggersound.obj
d:\games\bleed no more\bleed\sources\codesrc\gamedll\x64\release\triggerslowmove.obj
d:\games\bleed no more\bleed\sources\codesrc\gamedll\x64\release\triggersetsavetitle.obj
d:\games\bleed no more\bleed\sources\codesrc\gamedll\x64\release\triggersaveweapons.obj
d:\games\bleed no more\bleed\sources\codesrc\gamedll\x64\release\triggerrepeat.obj
d:\games\bleed no more\bleed\sources\codesrc\gamedll\x64\release\triggerrelaybinary.obj
d:\games\bleed no more\bleed\sources\codesrc\gamedll\x64\release\triggerrelay.obj
d:\games\bleed no more\bleed\sources\codesrc\gamedll\x64\release\triggerpush.obj
d:\games\bleed no more\bleed\sources\codesrc\gamedll\x64\release\triggerparalyzeplayer.obj
d:\games\bleed no more\bleed\sources\codesrc\gamedll\x64\release\triggeronce.obj
d:\games\bleed no more\bleed\sources\codesrc\gamedll\x64\release\worldspawn.obj
d:\games\bleed no more\bleed\sources\codesrc\gamedll\x64\release\weaponknife.obj
d:\games\bleed no more\bleed\sources\codesrc\gamedll\x64\release\weaponhandgrenade.obj
d:\games\bleed no more\bleed\sources\codesrc\gamedll\x64\release\weaponglock.obj
d:\games\bleed no more\bleed\sources\codesrc\gamedll\x64\release\vbmutils.obj
d:\games\bleed no more\bleed\sources\codesrc\gamedll\x64\release\util.obj
d:\games\bleed no more\bleed\sources\codesrc\gamedll\game_x64.dll
d:\games\bleed no more\bleed\sources\codesrc\x64\release\game_x64.dll
d:\games\bleed no more\bleed\sources\codesrc\gamedll\x64\release\game_x64.ipdb
d:\games\bleed no more\bleed\sources\codesrc\x64\release\game_x64.pdb
d:\games\bleed no more\bleed\sources\codesrc\gamedll\x64\release\game_x64.iobj
d:\games\bleed no more\bleed\sources\codesrc\x64\release\game_x64.lib
d:\games\bleed no more\bleed\sources\codesrc\x64\release\game_x64.exp
d:\games\bleed no more\bleed\sources\codesrc\gamedll\x64\release\gamedll.tlog\cl.command.1.tlog
d:\games\bleed no more\bleed\sources\codesrc\gamedll\x64\release\gamedll.tlog\cl.items.tlog
d:\games\bleed no more\bleed\sources\codesrc\gamedll\x64\release\gamedll.tlog\cl.read.1.tlog
d:\games\bleed no more\bleed\sources\codesrc\gamedll\x64\release\gamedll.tlog\cl.write.1.tlog
d:\games\bleed no more\bleed\sources\codesrc\gamedll\x64\release\gamedll.tlog\custombuildstep.read.1u.tlog
d:\games\bleed no more\bleed\sources\codesrc\gamedll\x64\release\gamedll.tlog\custombuildstep.write.1u.tlog
d:\games\bleed no more\bleed\sources\codesrc\gamedll\x64\release\gamedll.tlog\link.command.1.tlog
d:\games\bleed no more\bleed\sources\codesrc\gamedll\x64\release\gamedll.tlog\link.read.1.tlog
d:\games\bleed no more\bleed\sources\codesrc\gamedll\x64\release\gamedll.tlog\link.write.1.tlog
d:\games\bleed no more\bleed\sources\codesrc\gamedll\x64\release\gamedll.tlog\link.write.2u.tlog
