d:\games\bleed no more\bleed\sources\codesrc\clientdll\x64\release\vc143.pdb
d:\games\bleed no more\bleed\sources\codesrc\clientdll\x64\release\clientdll.obj
d:\games\bleed no more\bleed\sources\codesrc\clientdll\x64\release\animevents.obj
d:\games\bleed no more\bleed\sources\codesrc\clientdll\x64\release\weapons_shared.obj
d:\games\bleed no more\bleed\sources\codesrc\clientdll\x64\release\vbm_shared.obj
d:\games\bleed no more\bleed\sources\codesrc\clientdll\x64\release\uischema.obj
d:\games\bleed no more\bleed\sources\codesrc\clientdll\x64\release\stepsound.obj
d:\games\bleed no more\bleed\sources\codesrc\clientdll\x64\release\r_vbo.obj
d:\games\bleed no more\bleed\sources\codesrc\clientdll\x64\release\r_glsl.obj
d:\games\bleed no more\bleed\sources\codesrc\clientdll\x64\release\r_glextf.obj
d:\games\bleed no more\bleed\sources\codesrc\clientdll\x64\release\playermove.obj
d:\games\bleed no more\bleed\sources\codesrc\clientdll\x64\release\decallist.obj
d:\games\bleed no more\bleed\sources\codesrc\clientdll\x64\release\r_common.obj
d:\games\bleed no more\bleed\sources\codesrc\clientdll\x64\release\md5.obj
d:\games\bleed no more\bleed\sources\codesrc\clientdll\x64\release\matrix.obj
d:\games\bleed no more\bleed\sources\codesrc\clientdll\x64\release\cstringpool.obj
d:\games\bleed no more\bleed\sources\codesrc\clientdll\x64\release\cstring.obj
d:\games\bleed no more\bleed\sources\codesrc\clientdll\x64\release\crc32.obj
d:\games\bleed no more\bleed\sources\codesrc\clientdll\x64\release\common.obj
d:\games\bleed no more\bleed\sources\codesrc\clientdll\x64\release\cbuffer.obj
d:\games\bleed no more\bleed\sources\codesrc\clientdll\x64\release\cbitset.obj
d:\games\bleed no more\bleed\sources\codesrc\clientdll\x64\release\screentext.obj
d:\games\bleed no more\bleed\sources\codesrc\clientdll\x64\release\saytext.obj
d:\games\bleed no more\bleed\sources\codesrc\clientdll\x64\release\nodedebug.obj
d:\games\bleed no more\bleed\sources\codesrc\clientdll\x64\release\motorbike.obj
d:\games\bleed no more\bleed\sources\codesrc\clientdll\x64\release\messages.obj
d:\games\bleed no more\bleed\sources\codesrc\clientdll\x64\release\ladder.obj
d:\games\bleed no more\bleed\sources\codesrc\clientdll\x64\release\cliententities.obj
d:\games\bleed no more\bleed\sources\codesrc\clientdll\x64\release\input.obj
d:\games\bleed no more\bleed\sources\codesrc\clientdll\x64\release\huddraw.obj
d:\games\bleed no more\bleed\sources\codesrc\clientdll\x64\release\hud.obj
d:\games\bleed no more\bleed\sources\codesrc\clientdll\x64\release\gameuimanager.obj
d:\games\bleed no more\bleed\sources\codesrc\clientdll\x64\release\gameuielements.obj
d:\games\bleed no more\bleed\sources\codesrc\clientdll\x64\release\gameuitextwindow.obj
d:\games\bleed no more\bleed\sources\codesrc\clientdll\x64\release\gameuisubwaywindow.obj
d:\games\bleed no more\bleed\sources\codesrc\clientdll\x64\release\gameuiobjectiveswindow.obj
d:\games\bleed no more\bleed\sources\codesrc\clientdll\x64\release\gameuiloginwindow.obj
d:\games\bleed no more\bleed\sources\codesrc\clientdll\x64\release\gameuikeypadwindow.obj
d:\games\bleed no more\bleed\sources\codesrc\clientdll\x64\release\gameuidocumentswindow.obj
d:\games\bleed no more\bleed\sources\codesrc\clientdll\x64\release\draw.obj
d:\games\bleed no more\bleed\sources\codesrc\clientdll\x64\release\clshared.obj
d:\games\bleed no more\bleed\sources\codesrc\clientdll\x64\release\viewmodel.obj
d:\games\bleed no more\bleed\sources\codesrc\clientdll\x64\release\viewcontroller.obj
d:\games\bleed no more\bleed\sources\codesrc\clientdll\x64\release\view.obj
d:\games\bleed no more\bleed\sources\codesrc\clientdll\x64\release\clientusermsgs.obj
d:\games\bleed no more\bleed\sources\codesrc\clientdll\x64\release\entitymanager.obj
d:\games\bleed no more\bleed\sources\codesrc\clientdll\x64\release\shake.obj
d:\games\bleed no more\bleed\sources\codesrc\clientdll\client_x64.dll
d:\games\bleed no more\bleed\sources\codesrc\x64\release\client_x64.dll
d:\games\bleed no more\bleed\sources\codesrc\clientdll\x64\release\client_x64.ipdb
d:\games\bleed no more\bleed\sources\codesrc\x64\release\client_x64.pdb
d:\games\bleed no more\bleed\sources\codesrc\clientdll\x64\release\client_x64.iobj
d:\games\bleed no more\bleed\sources\codesrc\x64\release\client_x64.lib
d:\games\bleed no more\bleed\sources\codesrc\x64\release\client_x64.exp
d:\games\bleed no more\bleed\sources\codesrc\clientdll\x64\release\client.tlog\cl.command.1.tlog
d:\games\bleed no more\bleed\sources\codesrc\clientdll\x64\release\client.tlog\cl.items.tlog
d:\games\bleed no more\bleed\sources\codesrc\clientdll\x64\release\client.tlog\cl.read.1.tlog
d:\games\bleed no more\bleed\sources\codesrc\clientdll\x64\release\client.tlog\cl.write.1.tlog
d:\games\bleed no more\bleed\sources\codesrc\clientdll\x64\release\client.tlog\custombuildstep.read.1u.tlog
d:\games\bleed no more\bleed\sources\codesrc\clientdll\x64\release\client.tlog\custombuildstep.write.1u.tlog
d:\games\bleed no more\bleed\sources\codesrc\clientdll\x64\release\client.tlog\link.command.1.tlog
d:\games\bleed no more\bleed\sources\codesrc\clientdll\x64\release\client.tlog\link.read.1.tlog
d:\games\bleed no more\bleed\sources\codesrc\clientdll\x64\release\client.tlog\link.write.1.tlog
d:\games\bleed no more\bleed\sources\codesrc\clientdll\x64\release\client.tlog\link.write.2u.tlog
