d:\games\bleed no more\bleed\sources\codesrc\clientdll\x64\debug\vc143.pdb
d:\games\bleed no more\bleed\sources\codesrc\clientdll\x64\debug\vc143.idb
d:\games\bleed no more\bleed\sources\codesrc\clientdll\x64\debug\clientdll.obj
d:\games\bleed no more\bleed\sources\codesrc\clientdll\x64\debug\animevents.obj
d:\games\bleed no more\bleed\sources\codesrc\clientdll\x64\debug\weapons_shared.obj
d:\games\bleed no more\bleed\sources\codesrc\clientdll\x64\debug\vbm_shared.obj
d:\games\bleed no more\bleed\sources\codesrc\clientdll\x64\debug\uischema.obj
d:\games\bleed no more\bleed\sources\codesrc\clientdll\x64\debug\stepsound.obj
d:\games\bleed no more\bleed\sources\codesrc\clientdll\x64\debug\r_vbo.obj
d:\games\bleed no more\bleed\sources\codesrc\clientdll\x64\debug\r_glsl.obj
d:\games\bleed no more\bleed\sources\codesrc\clientdll\x64\debug\r_glextf.obj
d:\games\bleed no more\bleed\sources\codesrc\clientdll\x64\debug\playermove.obj
d:\games\bleed no more\bleed\sources\codesrc\clientdll\x64\debug\decallist.obj
d:\games\bleed no more\bleed\sources\codesrc\clientdll\x64\debug\r_common.obj
d:\games\bleed no more\bleed\sources\codesrc\clientdll\x64\debug\md5.obj
d:\games\bleed no more\bleed\sources\codesrc\clientdll\x64\debug\matrix.obj
d:\games\bleed no more\bleed\sources\codesrc\clientdll\x64\debug\cstringpool.obj
d:\games\bleed no more\bleed\sources\codesrc\clientdll\x64\debug\cstring.obj
d:\games\bleed no more\bleed\sources\codesrc\clientdll\x64\debug\crc32.obj
d:\games\bleed no more\bleed\sources\codesrc\clientdll\x64\debug\common.obj
d:\games\bleed no more\bleed\sources\codesrc\clientdll\x64\debug\cbuffer.obj
d:\games\bleed no more\bleed\sources\codesrc\clientdll\x64\debug\cbitset.obj
d:\games\bleed no more\bleed\sources\codesrc\clientdll\x64\debug\screentext.obj
d:\games\bleed no more\bleed\sources\codesrc\clientdll\x64\debug\saytext.obj
d:\games\bleed no more\bleed\sources\codesrc\clientdll\x64\debug\nodedebug.obj
d:\games\bleed no more\bleed\sources\codesrc\clientdll\x64\debug\motorbike.obj
d:\games\bleed no more\bleed\sources\codesrc\clientdll\x64\debug\messages.obj
d:\games\bleed no more\bleed\sources\codesrc\clientdll\x64\debug\ladder.obj
d:\games\bleed no more\bleed\sources\codesrc\clientdll\x64\debug\cliententities.obj
d:\games\bleed no more\bleed\sources\codesrc\clientdll\x64\debug\input.obj
d:\games\bleed no more\bleed\sources\codesrc\clientdll\x64\debug\huddraw.obj
d:\games\bleed no more\bleed\sources\codesrc\clientdll\x64\debug\hud.obj
d:\games\bleed no more\bleed\sources\codesrc\clientdll\x64\debug\gameuimanager.obj
d:\games\bleed no more\bleed\sources\codesrc\clientdll\x64\debug\gameuielements.obj
d:\games\bleed no more\bleed\sources\codesrc\clientdll\x64\debug\gameuitextwindow.obj
d:\games\bleed no more\bleed\sources\codesrc\clientdll\x64\debug\gameuisubwaywindow.obj
d:\games\bleed no more\bleed\sources\codesrc\clientdll\x64\debug\gameuiobjectiveswindow.obj
d:\games\bleed no more\bleed\sources\codesrc\clientdll\x64\debug\gameuiloginwindow.obj
d:\games\bleed no more\bleed\sources\codesrc\clientdll\x64\debug\gameuikeypadwindow.obj
d:\games\bleed no more\bleed\sources\codesrc\clientdll\x64\debug\gameuidocumentswindow.obj
d:\games\bleed no more\bleed\sources\codesrc\clientdll\x64\debug\draw.obj
d:\games\bleed no more\bleed\sources\codesrc\clientdll\x64\debug\clshared.obj
d:\games\bleed no more\bleed\sources\codesrc\clientdll\x64\debug\viewmodel.obj
d:\games\bleed no more\bleed\sources\codesrc\clientdll\x64\debug\viewcontroller.obj
d:\games\bleed no more\bleed\sources\codesrc\clientdll\x64\debug\view.obj
d:\games\bleed no more\bleed\sources\codesrc\clientdll\x64\debug\clientusermsgs.obj
d:\games\bleed no more\bleed\sources\codesrc\clientdll\x64\debug\entitymanager.obj
d:\games\bleed no more\bleed\sources\codesrc\clientdll\x64\debug\shake.obj
d:\games\bleed no more\bleed\sources\codesrc\clientdll\client_x64.dll
d:\games\bleed no more\bleed\sources\codesrc\x64\debug\client_x64.lib
d:\games\bleed no more\bleed\sources\codesrc\x64\debug\client_x64.exp
d:\games\bleed no more\bleed\sources\codesrc\x64\debug\client_x64.dll
d:\games\bleed no more\bleed\sources\codesrc\clientdll\x64\debug\client_x64.ilk
d:\games\bleed no more\bleed\sources\codesrc\x64\debug\client_x64.pdb
d:\games\bleed no more\bleed\sources\codesrc\clientdll\x64\debug\client.tlog\cl.command.1.tlog
d:\games\bleed no more\bleed\sources\codesrc\clientdll\x64\debug\client.tlog\cl.items.tlog
d:\games\bleed no more\bleed\sources\codesrc\clientdll\x64\debug\client.tlog\cl.read.1.tlog
d:\games\bleed no more\bleed\sources\codesrc\clientdll\x64\debug\client.tlog\cl.write.1.tlog
d:\games\bleed no more\bleed\sources\codesrc\clientdll\x64\debug\client.tlog\custombuildstep.read.1u.tlog
d:\games\bleed no more\bleed\sources\codesrc\clientdll\x64\debug\client.tlog\custombuildstep.write.1u.tlog
d:\games\bleed no more\bleed\sources\codesrc\clientdll\x64\debug\client.tlog\link.command.1.tlog
d:\games\bleed no more\bleed\sources\codesrc\clientdll\x64\debug\client.tlog\link.read.1.tlog
d:\games\bleed no more\bleed\sources\codesrc\clientdll\x64\debug\client.tlog\link.write.1.tlog
d:\games\bleed no more\bleed\sources\codesrc\clientdll\x64\debug\client.tlog\link.write.2u.tlog
