d:\games\bleed no more\bleed\sources\codesrc\gamedll\x64\debug\vc143.pdb
d:\games\bleed no more\bleed\sources\codesrc\gamedll\x64\debug\vc143.idb
d:\games\bleed no more\bleed\sources\codesrc\gamedll\x64\debug\ai_common.obj
d:\games\bleed no more\bleed\sources\codesrc\gamedll\x64\debug\aiwandercontroller.obj
d:\games\bleed no more\bleed\sources\codesrc\gamedll\x64\debug\aiflagtoggler.obj
d:\games\bleed no more\bleed\sources\codesrc\gamedll\x64\debug\aisettriggercondition.obj
d:\games\bleed no more\bleed\sources\codesrc\gamedll\x64\debug\aisetfollowtarget.obj
d:\games\bleed no more\bleed\sources\codesrc\gamedll\x64\debug\aisetenemy.obj
d:\games\bleed no more\bleed\sources\codesrc\gamedll\x64\debug\weapons_shared.obj
d:\games\bleed no more\bleed\sources\codesrc\gamedll\x64\debug\vbm_shared.obj
d:\games\bleed no more\bleed\sources\codesrc\gamedll\x64\debug\stepsound.obj
d:\games\bleed no more\bleed\sources\codesrc\gamedll\x64\debug\sentencesfile.obj
d:\games\bleed no more\bleed\sources\codesrc\gamedll\x64\debug\playermove.obj
d:\games\bleed no more\bleed\sources\codesrc\gamedll\x64\debug\flexmanager.obj
d:\games\bleed no more\bleed\sources\codesrc\gamedll\x64\debug\decallist.obj
d:\games\bleed no more\bleed\sources\codesrc\gamedll\x64\debug\activitymappings.obj
d:\games\bleed no more\bleed\sources\codesrc\gamedll\x64\debug\logfile.obj
d:\games\bleed no more\bleed\sources\codesrc\gamedll\x64\debug\cstringpool.obj
d:\games\bleed no more\bleed\sources\codesrc\gamedll\x64\debug\cstring.obj
d:\games\bleed no more\bleed\sources\codesrc\gamedll\x64\debug\crc32.obj
d:\games\bleed no more\bleed\sources\codesrc\gamedll\x64\debug\common.obj
d:\games\bleed no more\bleed\sources\codesrc\gamedll\x64\debug\cbitset.obj
d:\games\bleed no more\bleed\sources\codesrc\gamedll\x64\debug\envbeam.obj
d:\games\bleed no more\bleed\sources\codesrc\gamedll\x64\debug\doorstatestack.obj
d:\games\bleed no more\bleed\sources\codesrc\gamedll\x64\debug\cplane.obj
d:\games\bleed no more\bleed\sources\codesrc\gamedll\x64\debug\beam.obj
d:\games\bleed no more\bleed\sources\codesrc\gamedll\x64\debug\baseentity.obj
d:\games\bleed no more\bleed\sources\codesrc\gamedll\x64\debug\ai_basenpc.obj
d:\games\bleed no more\bleed\sources\codesrc\gamedll\x64\debug\animatingentity.obj
d:\games\bleed no more\bleed\sources\codesrc\gamedll\x64\debug\ammoglockclip.obj
d:\games\bleed no more\bleed\sources\codesrc\gamedll\x64\debug\ambientoggstream.obj
d:\games\bleed no more\bleed\sources\codesrc\gamedll\x64\debug\ambientgeneric.obj
d:\games\bleed no more\bleed\sources\codesrc\gamedll\x64\debug\ai_wandernpc.obj
d:\games\bleed no more\bleed\sources\codesrc\gamedll\x64\debug\ai_tasks.obj
d:\games\bleed no more\bleed\sources\codesrc\gamedll\x64\debug\ai_talknpc.obj
d:\games\bleed no more\bleed\sources\codesrc\gamedll\x64\debug\ai_squadnpc.obj
d:\games\bleed no more\bleed\sources\codesrc\gamedll\x64\debug\ai_sounds.obj
d:\games\bleed no more\bleed\sources\codesrc\gamedll\x64\debug\ai_schedules.obj
d:\games\bleed no more\bleed\sources\codesrc\gamedll\x64\debug\ai_schedule.obj
d:\games\bleed no more\bleed\sources\codesrc\gamedll\x64\debug\ai_patrolnpc.obj
d:\games\bleed no more\bleed\sources\codesrc\gamedll\x64\debug\ai_nodegraph.obj
d:\games\bleed no more\bleed\sources\codesrc\gamedll\x64\debug\ai_militianpc.obj
d:\games\bleed no more\bleed\sources\codesrc\gamedll\x64\debug\envsetbodygroup.obj
d:\games\bleed no more\bleed\sources\codesrc\gamedll\x64\debug\envposportalworld.obj
d:\games\bleed no more\bleed\sources\codesrc\gamedll\x64\debug\envposportal.obj
d:\games\bleed no more\bleed\sources\codesrc\gamedll\x64\debug\envparticleeffect.obj
d:\games\bleed no more\bleed\sources\codesrc\gamedll\x64\debug\envoverlay.obj
d:\games\bleed no more\bleed\sources\codesrc\gamedll\x64\debug\envmodeltrain.obj
d:\games\bleed no more\bleed\sources\codesrc\gamedll\x64\debug\envmodelbreakable.obj
d:\games\bleed no more\bleed\sources\codesrc\gamedll\x64\debug\envlightning.obj
d:\games\bleed no more\bleed\sources\codesrc\gamedll\x64\debug\envlensflare.obj
d:\games\bleed no more\bleed\sources\codesrc\gamedll\x64\debug\envlaser.obj
d:\games\bleed no more\bleed\sources\codesrc\gamedll\x64\debug\envimplosion.obj
d:\games\bleed no more\bleed\sources\codesrc\gamedll\x64\debug\envhudpickupmsg.obj
d:\games\bleed no more\bleed\sources\codesrc\gamedll\x64\debug\envfilmgrain.obj
d:\games\bleed no more\bleed\sources\codesrc\gamedll\x64\debug\envelighttrain.obj
d:\games\bleed no more\bleed\sources\codesrc\gamedll\x64\debug\envearthquake.obj
d:\games\bleed no more\bleed\sources\codesrc\gamedll\x64\debug\envdlighttrain.obj
d:\games\bleed no more\bleed\sources\codesrc\gamedll\x64\debug\envchromatic.obj
d:\games\bleed no more\bleed\sources\codesrc\gamedll\x64\debug\envblackandwhite.obj
d:\games\bleed no more\bleed\sources\codesrc\gamedll\x64\debug\envblackhole.obj
d:\games\bleed no more\bleed\sources\codesrc\gamedll\x64\debug\envbeamfollow.obj
d:\games\bleed no more\bleed\sources\codesrc\gamedll\x64\debug\envglow.obj
d:\games\bleed no more\bleed\sources\codesrc\gamedll\x64\debug\envglobal.obj
d:\games\bleed no more\bleed\sources\codesrc\gamedll\x64\debug\envfunnel.obj
d:\games\bleed no more\bleed\sources\codesrc\gamedll\x64\debug\envfade.obj
d:\games\bleed no more\bleed\sources\codesrc\gamedll\x64\debug\envexplosion.obj
d:\games\bleed no more\bleed\sources\codesrc\gamedll\x64\debug\envbubbles.obj
d:\games\bleed no more\bleed\sources\codesrc\gamedll\x64\debug\envblood.obj
d:\games\bleed no more\bleed\sources\codesrc\gamedll\x64\debug\envbeverage.obj
d:\games\bleed no more\bleed\sources\codesrc\gamedll\x64\debug\ehandle.obj
d:\games\bleed no more\bleed\sources\codesrc\gamedll\x64\debug\funcdoor.obj
d:\games\bleed no more\bleed\sources\codesrc\gamedll\x64\debug\funcbutton.obj
d:\games\bleed no more\bleed\sources\codesrc\gamedll\x64\debug\funcbreakable.obj
d:\games\bleed no more\bleed\sources\codesrc\gamedll\x64\debug\envvignette.obj
d:\games\bleed no more\bleed\sources\codesrc\gamedll\x64\debug\envtracereffect.obj
d:\games\bleed no more\bleed\sources\codesrc\gamedll\x64\debug\envsyncanimation.obj
d:\games\bleed no more\bleed\sources\codesrc\gamedll\x64\debug\envsun.obj
d:\games\bleed no more\bleed\sources\codesrc\gamedll\x64\debug\envbeamfx.obj
d:\games\bleed no more\bleed\sources\codesrc\gamedll\x64\debug\envspecialfog.obj
d:\games\bleed no more\bleed\sources\codesrc\gamedll\x64\debug\envsetskytexture.obj
d:\games\bleed no more\bleed\sources\codesrc\gamedll\x64\debug\envsetsequence.obj
d:\games\bleed no more\bleed\sources\codesrc\gamedll\x64\debug\funcparticleblocker.obj
d:\games\bleed no more\bleed\sources\codesrc\gamedll\x64\debug\funcnull.obj
d:\games\bleed no more\bleed\sources\codesrc\gamedll\x64\debug\funcmonitor.obj
d:\games\bleed no more\bleed\sources\codesrc\gamedll\x64\debug\funcladder.obj
d:\games\bleed no more\bleed\sources\codesrc\gamedll\x64\debug\funcdoorrotating.obj
d:\games\bleed no more\bleed\sources\codesrc\gamedll\x64\debug\funcbikeblock.obj
d:\games\bleed no more\bleed\sources\codesrc\gamedll\x64\debug\envsetskin.obj
d:\games\bleed no more\bleed\sources\codesrc\gamedll\x64\debug\envspritetrain.obj
d:\games\bleed no more\bleed\sources\codesrc\gamedll\x64\debug\envsprite.obj
d:\games\bleed no more\bleed\sources\codesrc\gamedll\x64\debug\envspark.obj
d:\games\bleed no more\bleed\sources\codesrc\gamedll\x64\debug\envshooter.obj
d:\games\bleed no more\bleed\sources\codesrc\gamedll\x64\debug\envshake.obj
d:\games\bleed no more\bleed\sources\codesrc\gamedll\x64\debug\envsetbody.obj
d:\games\bleed no more\bleed\sources\codesrc\gamedll\x64\debug\envsetangles.obj
d:\games\bleed no more\bleed\sources\codesrc\gamedll\x64\debug\envrotlight.obj
d:\games\bleed no more\bleed\sources\codesrc\gamedll\x64\debug\envroomtype.obj
d:\games\bleed no more\bleed\sources\codesrc\gamedll\x64\debug\envrender.obj
d:\games\bleed no more\bleed\sources\codesrc\gamedll\x64\debug\envpossky.obj
d:\games\bleed no more\bleed\sources\codesrc\gamedll\x64\debug\envmessage.obj
d:\games\bleed no more\bleed\sources\codesrc\gamedll\x64\debug\envladder.obj
d:\games\bleed no more\bleed\sources\codesrc\gamedll\x64\debug\gamesetdaystage.obj
d:\games\bleed no more\bleed\sources\codesrc\gamedll\x64\debug\gameobjective.obj
d:\games\bleed no more\bleed\sources\codesrc\gamedll\x64\debug\gamedialouge.obj
d:\games\bleed no more\bleed\sources\codesrc\gamedll\x64\debug\gametimer.obj
d:\games\bleed no more\bleed\sources\codesrc\gamedll\x64\debug\game.obj
d:\games\bleed no more\bleed\sources\codesrc\gamedll\x64\debug\funcfriction.obj
d:\games\bleed no more\bleed\sources\codesrc\gamedll\x64\debug\funcwater.obj
d:\games\bleed no more\bleed\sources\codesrc\gamedll\x64\debug\functraincopy.obj
d:\games\bleed no more\bleed\sources\codesrc\gamedll\x64\debug\functraincontrols.obj
d:\games\bleed no more\bleed\sources\codesrc\gamedll\x64\debug\functrain.obj
d:\games\bleed no more\bleed\sources\codesrc\gamedll\x64\debug\functracktrain.obj
d:\games\bleed no more\bleed\sources\codesrc\gamedll\x64\debug\functrackchange.obj
d:\games\bleed no more\bleed\sources\codesrc\gamedll\x64\debug\functrackautochangerc.obj
d:\games\bleed no more\bleed\sources\codesrc\gamedll\x64\debug\functrackautochange.obj
d:\games\bleed no more\bleed\sources\codesrc\gamedll\x64\debug\funcslippery.obj
d:\games\bleed no more\bleed\sources\codesrc\gamedll\x64\debug\funcrotbutton.obj
d:\games\bleed no more\bleed\sources\codesrc\gamedll\x64\debug\funcpushable.obj
d:\games\bleed no more\bleed\sources\codesrc\gamedll\x64\debug\funcportalsurface.obj
d:\games\bleed no more\bleed\sources\codesrc\gamedll\x64\debug\funcplatrot.obj
d:\games\bleed no more\bleed\sources\codesrc\gamedll\x64\debug\funcplat.obj
d:\games\bleed no more\bleed\sources\codesrc\gamedll\x64\debug\itemmotorbike.obj
d:\games\bleed no more\bleed\sources\codesrc\gamedll\x64\debug\itemkevlar.obj
d:\games\bleed no more\bleed\sources\codesrc\gamedll\x64\debug\itemhealthkit.obj
d:\games\bleed no more\bleed\sources\codesrc\gamedll\x64\debug\itemglocksilencer.obj
d:\games\bleed no more\bleed\sources\codesrc\gamedll\x64\debug\itemglockflashlight.obj
d:\games\bleed no more\bleed\sources\codesrc\gamedll\x64\debug\itemdiary.obj
d:\games\bleed no more\bleed\sources\codesrc\gamedll\x64\debug\infoteleportdestination.obj
d:\games\bleed no more\bleed\sources\codesrc\gamedll\x64\debug\infotarget.obj
d:\games\bleed no more\bleed\sources\codesrc\gamedll\x64\debug\infonull.obj
d:\games\bleed no more\bleed\sources\codesrc\gamedll\x64\debug\infonodeair.obj
d:\games\bleed no more\bleed\sources\codesrc\gamedll\x64\debug\infonode.obj
d:\games\bleed no more\bleed\sources\codesrc\gamedll\x64\debug\infomonitorcamera.obj
d:\games\bleed no more\bleed\sources\codesrc\gamedll\x64\debug\materialdefs.obj
d:\games\bleed no more\bleed\sources\codesrc\gamedll\x64\debug\lightstyles.obj
d:\games\bleed no more\bleed\sources\codesrc\gamedll\x64\debug\infovismark.obj
d:\games\bleed no more\bleed\sources\codesrc\gamedll\x64\debug\grenade.obj
d:\games\bleed no more\bleed\sources\codesrc\gamedll\x64\debug\gibshooter.obj
d:\games\bleed no more\bleed\sources\codesrc\gamedll\x64\debug\gib.obj
d:\games\bleed no more\bleed\sources\codesrc\gamedll\x64\debug\gametitle.obj
d:\games\bleed no more\bleed\sources\codesrc\gamedll\x64\debug\gametext.obj
d:\games\bleed no more\bleed\sources\codesrc\gamedll\x64\debug\funcconveyor.obj
d:\games\bleed no more\bleed\sources\codesrc\gamedll\x64\debug\envspotlight.obj
d:\games\bleed no more\bleed\sources\codesrc\gamedll\x64\debug\envposworld.obj
d:\games\bleed no more\bleed\sources\codesrc\gamedll\x64\debug\envparticlesystem.obj
d:\games\bleed no more\bleed\sources\codesrc\gamedll\x64\debug\entities.obj
d:\games\bleed no more\bleed\sources\codesrc\gamedll\x64\debug\envmodel.obj
d:\games\bleed no more\bleed\sources\codesrc\gamedll\x64\debug\envfog.obj
d:\games\bleed no more\bleed\sources\codesrc\gamedll\x64\debug\envelight.obj
d:\games\bleed no more\bleed\sources\codesrc\gamedll\x64\debug\envdlight.obj
d:\games\bleed no more\bleed\sources\codesrc\gamedll\x64\debug\envdecal.obj
d:\games\bleed no more\bleed\sources\codesrc\gamedll\x64\debug\envcubemap.obj
d:\games\bleed no more\bleed\sources\codesrc\gamedll\x64\debug\envcable.obj
d:\games\bleed no more\bleed\sources\codesrc\gamedll\x64\debug\envblur.obj
d:\games\bleed no more\bleed\sources\codesrc\gamedll\x64\debug\delayentity.obj
d:\games\bleed no more\bleed\sources\codesrc\gamedll\x64\debug\multidamage.obj
d:\games\bleed no more\bleed\sources\codesrc\gamedll\x64\debug\mathcounter.obj
d:\games\bleed no more\bleed\sources\codesrc\gamedll\x64\debug\itemtaperecorder.obj
d:\games\bleed no more\bleed\sources\codesrc\gamedll\x64\debug\itemsodacan.obj
d:\games\bleed no more\bleed\sources\codesrc\gamedll\x64\debug\itemshoulderlight.obj
d:\games\bleed no more\bleed\sources\codesrc\gamedll\x64\debug\itemsecurity.obj
d:\games\bleed no more\bleed\sources\codesrc\gamedll\x64\debug\multimanager.obj
d:\games\bleed no more\bleed\sources\codesrc\gamedll\x64\debug\lightspot.obj
d:\games\bleed no more\bleed\sources\codesrc\gamedll\x64\debug\lightenvironment.obj
d:\games\bleed no more\bleed\sources\codesrc\gamedll\x64\debug\light.obj
d:\games\bleed no more\bleed\sources\codesrc\gamedll\x64\debug\infolightorigin.obj
d:\games\bleed no more\bleed\sources\codesrc\gamedll\x64\debug\infoplayerstart.obj
d:\games\bleed no more\bleed\sources\codesrc\gamedll\x64\debug\infoplayerdeathmatch.obj
d:\games\bleed no more\bleed\sources\codesrc\gamedll\x64\debug\infolandmark.obj
d:\games\bleed no more\bleed\sources\codesrc\gamedll\x64\debug\globalstate.obj
d:\games\bleed no more\bleed\sources\codesrc\gamedll\x64\debug\gameradio.obj
d:\games\bleed no more\bleed\sources\codesrc\gamedll\x64\debug\gamedll.obj
d:\games\bleed no more\bleed\sources\codesrc\gamedll\x64\debug\funcwalltoggle.obj
d:\games\bleed no more\bleed\sources\codesrc\gamedll\x64\debug\funcwall.obj
d:\games\bleed no more\bleed\sources\codesrc\gamedll\x64\debug\funcrotating.obj
d:\games\bleed no more\bleed\sources\codesrc\gamedll\x64\debug\funcpendulum.obj
d:\games\bleed no more\bleed\sources\codesrc\gamedll\x64\debug\funcnpcclip.obj
d:\games\bleed no more\bleed\sources\codesrc\gamedll\x64\debug\funcmirror.obj
d:\games\bleed no more\bleed\sources\codesrc\gamedll\x64\debug\funcillusionary.obj
d:\games\bleed no more\bleed\sources\codesrc\gamedll\x64\debug\funcfade.obj
d:\games\bleed no more\bleed\sources\codesrc\gamedll\x64\debug\funcclipeconomy.obj
d:\games\bleed no more\bleed\sources\codesrc\gamedll\x64\debug\playerdualweapon.obj
d:\games\bleed no more\bleed\sources\codesrc\gamedll\x64\debug\playerammo.obj
d:\games\bleed no more\bleed\sources\codesrc\gamedll\x64\debug\player.obj
d:\games\bleed no more\bleed\sources\codesrc\gamedll\x64\debug\plattrigger.obj
d:\games\bleed no more\bleed\sources\codesrc\gamedll\x64\debug\plattrainentity.obj
d:\games\bleed no more\bleed\sources\codesrc\gamedll\x64\debug\pathtrack.obj
d:\games\bleed no more\bleed\sources\codesrc\gamedll\x64\debug\pathcorner.obj
d:\games\bleed no more\bleed\sources\codesrc\gamedll\x64\debug\nullentity.obj
d:\games\bleed no more\bleed\sources\codesrc\gamedll\x64\debug\npctesthull.obj
d:\games\bleed no more\bleed\sources\codesrc\gamedll\x64\debug\npcsecuritydead.obj
d:\games\bleed no more\bleed\sources\codesrc\gamedll\x64\debug\npcsecurity.obj
d:\games\bleed no more\bleed\sources\codesrc\gamedll\x64\debug\npcmaker.obj
d:\games\bleed no more\bleed\sources\codesrc\gamedll\x64\debug\npcgeneric.obj
d:\games\bleed no more\bleed\sources\codesrc\gamedll\x64\debug\npcclonesoldier.obj
d:\games\bleed no more\bleed\sources\codesrc\gamedll\x64\debug\nodeviewer.obj
d:\games\bleed no more\bleed\sources\codesrc\gamedll\x64\debug\nodestack.obj
d:\games\bleed no more\bleed\sources\codesrc\gamedll\x64\debug\nodeignorelist.obj
d:\games\bleed no more\bleed\sources\codesrc\gamedll\x64\debug\nightlightspot.obj
d:\games\bleed no more\bleed\sources\codesrc\gamedll\x64\debug\nightlight.obj
d:\games\bleed no more\bleed\sources\codesrc\gamedll\x64\debug\multisource.obj
d:\games\bleed no more\bleed\sources\codesrc\gamedll\x64\debug\triggerchance.obj
d:\games\bleed no more\bleed\sources\codesrc\gamedll\x64\debug\triggercameramodel.obj
d:\games\bleed no more\bleed\sources\codesrc\gamedll\x64\debug\triggercamera.obj
d:\games\bleed no more\bleed\sources\codesrc\gamedll\x64\debug\triggerautosave.obj
d:\games\bleed no more\bleed\sources\codesrc\gamedll\x64\debug\triggerauto.obj
d:\games\bleed no more\bleed\sources\codesrc\gamedll\x64\debug\toggleentity.obj
d:\games\bleed no more\bleed\sources\codesrc\gamedll\x64\debug\timedamage.obj
d:\games\bleed no more\bleed\sources\codesrc\gamedll\x64\debug\statestack.obj
d:\games\bleed no more\bleed\sources\codesrc\gamedll\x64\debug\sparkshower.obj
d:\games\bleed no more\bleed\sources\codesrc\gamedll\x64\debug\skytexturesets.obj
d:\games\bleed no more\bleed\sources\codesrc\gamedll\x64\debug\skilldata.obj
d:\games\bleed no more\bleed\sources\codesrc\gamedll\x64\debug\scriptedsequence.obj
d:\games\bleed no more\bleed\sources\codesrc\gamedll\x64\debug\scriptedsentence.obj
d:\games\bleed no more\bleed\sources\codesrc\gamedll\x64\debug\nodequeue.obj
d:\games\bleed no more\bleed\sources\codesrc\gamedll\x64\debug\prioritynodequeue.obj
d:\games\bleed no more\bleed\sources\codesrc\gamedll\x64\debug\pointentity.obj
d:\games\bleed no more\bleed\sources\codesrc\gamedll\x64\debug\playerweaponstrip.obj
d:\games\bleed no more\bleed\sources\codesrc\gamedll\x64\debug\playerweapon.obj
d:\games\bleed no more\bleed\sources\codesrc\gamedll\x64\debug\playerloadsaved.obj
d:\games\bleed no more\bleed\sources\codesrc\gamedll\x64\debug\playeritem.obj
d:\games\bleed no more\bleed\sources\codesrc\gamedll\x64\debug\triggernpcpull.obj
d:\games\bleed no more\bleed\sources\codesrc\gamedll\x64\debug\triggermultiple.obj
d:\games\bleed no more\bleed\sources\codesrc\gamedll\x64\debug\triggermovetrain.obj
d:\games\bleed no more\bleed\sources\codesrc\gamedll\x64\debug\triggermove.obj
d:\games\bleed no more\bleed\sources\codesrc\gamedll\x64\debug\triggerlookat.obj
d:\games\bleed no more\bleed\sources\codesrc\gamedll\x64\debug\triggerlogin.obj
d:\games\bleed no more\bleed\sources\codesrc\gamedll\x64\debug\triggerkillplayer.obj
d:\games\bleed no more\bleed\sources\codesrc\gamedll\x64\debug\triggerkeypad.obj
d:\games\bleed no more\bleed\sources\codesrc\gamedll\x64\debug\triggerhurt.obj
d:\games\bleed no more\bleed\sources\codesrc\gamedll\x64\debug\triggergravity.obj
d:\games\bleed no more\bleed\sources\codesrc\gamedll\x64\debug\triggerglobaldelayed.obj
d:\games\bleed no more\bleed\sources\codesrc\gamedll\x64\debug\triggerforceholster.obj
d:\games\bleed no more\bleed\sources\codesrc\gamedll\x64\debug\triggerforceclose.obj
d:\games\bleed no more\bleed\sources\codesrc\gamedll\x64\debug\triggerentity.obj
d:\games\bleed no more\bleed\sources\codesrc\gamedll\x64\debug\triggerendgame.obj
d:\games\bleed no more\bleed\sources\codesrc\gamedll\x64\debug\triggercounterp.obj
d:\games\bleed no more\bleed\sources\codesrc\gamedll\x64\debug\triggercounter.obj
d:\games\bleed no more\bleed\sources\codesrc\gamedll\x64\debug\triggercoderegister.obj
d:\games\bleed no more\bleed\sources\codesrc\gamedll\x64\debug\triggerchangetarget.obj
d:\games\bleed no more\bleed\sources\codesrc\gamedll\x64\debug\triggerchangelevel.obj
d:\games\bleed no more\bleed\sources\codesrc\gamedll\x64\debug\usermsgs.obj
d:\games\bleed no more\bleed\sources\codesrc\gamedll\x64\debug\triggerzoom.obj
d:\games\bleed no more\bleed\sources\codesrc\gamedll\x64\debug\triggervacuum.obj
d:\games\bleed no more\bleed\sources\codesrc\gamedll\x64\debug\triggertransition.obj
d:\games\bleed no more\bleed\sources\codesrc\gamedll\x64\debug\triggertoggletarget.obj
d:\games\bleed no more\bleed\sources\codesrc\gamedll\x64\debug\triggertextwindow.obj
d:\games\bleed no more\bleed\sources\codesrc\gamedll\x64\debug\triggerteleport.obj
d:\games\bleed no more\bleed\sources\codesrc\gamedll\x64\debug\triggersubwayflagger.obj
d:\games\bleed no more\bleed\sources\codesrc\gamedll\x64\debug\triggersubwaycontroller.obj
d:\games\bleed no more\bleed\sources\codesrc\gamedll\x64\debug\triggerspeedup.obj
d:\games\bleed no more\bleed\sources\codesrc\gamedll\x64\debug\triggersound.obj
d:\games\bleed no more\bleed\sources\codesrc\gamedll\x64\debug\triggerslowmove.obj
d:\games\bleed no more\bleed\sources\codesrc\gamedll\x64\debug\triggersetsavetitle.obj
d:\games\bleed no more\bleed\sources\codesrc\gamedll\x64\debug\triggersaveweapons.obj
d:\games\bleed no more\bleed\sources\codesrc\gamedll\x64\debug\triggerrepeat.obj
d:\games\bleed no more\bleed\sources\codesrc\gamedll\x64\debug\triggerrelaybinary.obj
d:\games\bleed no more\bleed\sources\codesrc\gamedll\x64\debug\triggerrelay.obj
d:\games\bleed no more\bleed\sources\codesrc\gamedll\x64\debug\triggerpush.obj
d:\games\bleed no more\bleed\sources\codesrc\gamedll\x64\debug\triggerparalyzeplayer.obj
d:\games\bleed no more\bleed\sources\codesrc\gamedll\x64\debug\triggeronce.obj
d:\games\bleed no more\bleed\sources\codesrc\gamedll\x64\debug\worldspawn.obj
d:\games\bleed no more\bleed\sources\codesrc\gamedll\x64\debug\weaponknife.obj
d:\games\bleed no more\bleed\sources\codesrc\gamedll\x64\debug\weaponhandgrenade.obj
d:\games\bleed no more\bleed\sources\codesrc\gamedll\x64\debug\weaponglock.obj
d:\games\bleed no more\bleed\sources\codesrc\gamedll\x64\debug\vbmutils.obj
d:\games\bleed no more\bleed\sources\codesrc\gamedll\x64\debug\util.obj
d:\games\bleed no more\bleed\sources\codesrc\gamedll\game_x64.dll
d:\games\bleed no more\bleed\sources\codesrc\gamedll\x64\debug\game_x64.ilk
d:\games\bleed no more\bleed\sources\codesrc\x64\debug\game_x64.dll
d:\games\bleed no more\bleed\sources\codesrc\x64\debug\game_x64.pdb
d:\games\bleed no more\bleed\sources\codesrc\x64\debug\game_x64.lib
d:\games\bleed no more\bleed\sources\codesrc\x64\debug\game_x64.exp
d:\games\bleed no more\bleed\sources\codesrc\gamedll\x64\debug\gamedll.tlog\cl.command.1.tlog
d:\games\bleed no more\bleed\sources\codesrc\gamedll\x64\debug\gamedll.tlog\cl.items.tlog
d:\games\bleed no more\bleed\sources\codesrc\gamedll\x64\debug\gamedll.tlog\cl.read.1.tlog
d:\games\bleed no more\bleed\sources\codesrc\gamedll\x64\debug\gamedll.tlog\cl.write.1.tlog
d:\games\bleed no more\bleed\sources\codesrc\gamedll\x64\debug\gamedll.tlog\custombuildstep.read.1u.tlog
d:\games\bleed no more\bleed\sources\codesrc\gamedll\x64\debug\gamedll.tlog\custombuildstep.write.1u.tlog
d:\games\bleed no more\bleed\sources\codesrc\gamedll\x64\debug\gamedll.tlog\link.command.1.tlog
d:\games\bleed no more\bleed\sources\codesrc\gamedll\x64\debug\gamedll.tlog\link.read.1.tlog
d:\games\bleed no more\bleed\sources\codesrc\gamedll\x64\debug\gamedll.tlog\link.write.1.tlog
d:\games\bleed no more\bleed\sources\codesrc\gamedll\x64\debug\gamedll.tlog\link.write.2u.tlog
