d:\games\bleed no more\bleed\sources\codesrc\libs\freetype\builds\windows\vc2010\x64\release\ftglyph.obj
d:\games\bleed no more\bleed\sources\codesrc\libs\freetype\builds\windows\vc2010\x64\release\smooth.obj
d:\games\bleed no more\bleed\sources\codesrc\libs\freetype\builds\windows\vc2010\x64\release\pshinter.obj
d:\games\bleed no more\bleed\sources\codesrc\libs\freetype\builds\windows\vc2010\x64\release\ftfstype.obj
d:\games\bleed no more\bleed\sources\codesrc\libs\freetype\builds\windows\vc2010\x64\release\ftbbox.obj
d:\games\bleed no more\bleed\sources\codesrc\libs\freetype\builds\windows\vc2010\x64\release\ftwinfnt.obj
d:\games\bleed no more\bleed\sources\codesrc\libs\freetype\builds\windows\vc2010\x64\release\raster.obj
d:\games\bleed no more\bleed\sources\codesrc\libs\freetype\builds\windows\vc2010\x64\release\type42.obj
d:\games\bleed no more\bleed\sources\codesrc\libs\freetype\builds\windows\vc2010\x64\release\ftbitmap.obj
d:\games\bleed no more\bleed\sources\codesrc\libs\freetype\builds\windows\vc2010\x64\release\ftstroke.obj
d:\games\bleed no more\bleed\sources\codesrc\libs\freetype\builds\windows\vc2010\x64\release\fttype1.obj
d:\games\bleed no more\bleed\sources\codesrc\libs\freetype\builds\windows\vc2010\x64\release\ftxf86.obj
d:\games\bleed no more\bleed\sources\codesrc\libs\freetype\builds\windows\vc2010\x64\release\pfr.obj
d:\games\bleed no more\bleed\sources\codesrc\libs\freetype\builds\windows\vc2010\x64\release\ftgasp.obj
d:\games\bleed no more\bleed\sources\codesrc\libs\freetype\builds\windows\vc2010\x64\release\ftsystem.obj
d:\games\bleed no more\bleed\sources\codesrc\libs\freetype\builds\windows\vc2010\x64\release\ftpfr.obj
d:\games\bleed no more\bleed\sources\codesrc\libs\freetype\builds\windows\vc2010\x64\release\ftpatent.obj
d:\games\bleed no more\bleed\sources\codesrc\libs\freetype\builds\windows\vc2010\x64\release\truetype.obj
d:\games\bleed no more\bleed\sources\codesrc\libs\freetype\builds\windows\vc2010\x64\release\ftbase.obj
d:\games\bleed no more\bleed\sources\codesrc\libs\freetype\builds\windows\vc2010\x64\release\bdf.obj
d:\games\bleed no more\bleed\sources\codesrc\libs\freetype\builds\windows\vc2010\x64\release\pcf.obj
d:\games\bleed no more\bleed\sources\codesrc\libs\freetype\builds\windows\vc2010\x64\release\winfnt.obj
d:\games\bleed no more\bleed\sources\codesrc\libs\freetype\builds\windows\vc2010\x64\release\ftcache.obj
d:\games\bleed no more\bleed\sources\codesrc\libs\freetype\builds\windows\vc2010\x64\release\psaux.obj
d:\games\bleed no more\bleed\sources\codesrc\libs\freetype\builds\windows\vc2010\x64\release\ftdebug.obj
d:\games\bleed no more\bleed\sources\codesrc\libs\freetype\builds\windows\vc2010\x64\release\ftlzw.obj
d:\games\bleed no more\bleed\sources\codesrc\libs\freetype\builds\windows\vc2010\x64\release\ftsynth.obj
d:\games\bleed no more\bleed\sources\codesrc\libs\freetype\builds\windows\vc2010\x64\release\ftlcdfil.obj
d:\games\bleed no more\bleed\sources\codesrc\libs\freetype\builds\windows\vc2010\x64\release\ftotval.obj
d:\games\bleed no more\bleed\sources\codesrc\libs\freetype\builds\windows\vc2010\x64\release\psmodule.obj
d:\games\bleed no more\bleed\sources\codesrc\libs\freetype\builds\windows\vc2010\x64\release\type1.obj
d:\games\bleed no more\bleed\sources\codesrc\libs\freetype\builds\windows\vc2010\x64\release\autofit.obj
d:\games\bleed no more\bleed\sources\codesrc\libs\freetype\builds\windows\vc2010\x64\release\ftgzip.obj
d:\games\bleed no more\bleed\sources\codesrc\libs\freetype\builds\windows\vc2010\x64\release\type1cid.obj
d:\games\bleed no more\bleed\sources\codesrc\libs\freetype\builds\windows\vc2010\x64\release\cff.obj
d:\games\bleed no more\bleed\sources\codesrc\libs\freetype\builds\windows\vc2010\x64\release\ftinit.obj
d:\games\bleed no more\bleed\sources\codesrc\libs\freetype\builds\windows\vc2010\x64\release\ftmm.obj
d:\games\bleed no more\bleed\sources\codesrc\libs\freetype\builds\windows\vc2010\x64\release\ftgxval.obj
d:\games\bleed no more\bleed\sources\codesrc\libs\freetype\builds\windows\vc2010\x64\release\sfnt.obj
d:\games\bleed no more\bleed\sources\codesrc\x64\release\freetype253.lib
d:\games\bleed no more\bleed\sources\codesrc\libs\freetype\builds\windows\vc2010\x64\release\freetype.tlog\cl.10592.write.1.tlog
d:\games\bleed no more\bleed\sources\codesrc\libs\freetype\builds\windows\vc2010\x64\release\freetype.tlog\cl.command.1.tlog
d:\games\bleed no more\bleed\sources\codesrc\libs\freetype\builds\windows\vc2010\x64\release\freetype.tlog\cl.items.tlog
d:\games\bleed no more\bleed\sources\codesrc\libs\freetype\builds\windows\vc2010\x64\release\freetype.tlog\cl.read.1.tlog
d:\games\bleed no more\bleed\sources\codesrc\libs\freetype\builds\windows\vc2010\x64\release\freetype.tlog\lib-link.read.1.tlog
d:\games\bleed no more\bleed\sources\codesrc\libs\freetype\builds\windows\vc2010\x64\release\freetype.tlog\lib-link.write.1.tlog
d:\games\bleed no more\bleed\sources\codesrc\libs\freetype\builds\windows\vc2010\x64\release\freetype.tlog\lib.command.1.tlog
